Component: ARM Compiler 5.06 update 7 (build 960) Tool: armlink [4d3601]

==============================================================================

Section Cross References

    startup_stm32f767xx.o(STACK) refers (Special) to heapauxi.o(.text) for __use_two_region_memory
    startup_stm32f767xx.o(HEAP) refers (Special) to heapauxi.o(.text) for __use_two_region_memory
    startup_stm32f767xx.o(RESET) refers (Special) to heapauxi.o(.text) for __use_two_region_memory
    startup_stm32f767xx.o(RESET) refers to startup_stm32f767xx.o(STACK) for __initial_sp
    startup_stm32f767xx.o(RESET) refers to startup_stm32f767xx.o(.text) for Reset_Handler
    startup_stm32f767xx.o(RESET) refers to stm32f7xx_it.o(i.NMI_Handler) for NMI_Handler
    startup_stm32f767xx.o(RESET) refers to stm32f7xx_it.o(i.HardFault_Handler) for HardFault_Handler
    startup_stm32f767xx.o(RESET) refers to stm32f7xx_it.o(i.MemManage_Handler) for MemManage_Handler
    startup_stm32f767xx.o(RESET) refers to stm32f7xx_it.o(i.BusFault_Handler) for BusFault_Handler
    startup_stm32f767xx.o(RESET) refers to stm32f7xx_it.o(i.UsageFault_Handler) for UsageFault_Handler
    startup_stm32f767xx.o(RESET) refers to stm32f7xx_it.o(i.SVC_Handler) for SVC_Handler
    startup_stm32f767xx.o(RESET) refers to stm32f7xx_it.o(i.DebugMon_Handler) for DebugMon_Handler
    startup_stm32f767xx.o(RESET) refers to stm32f7xx_it.o(i.PendSV_Handler) for PendSV_Handler
    startup_stm32f767xx.o(RESET) refers to stm32f7xx_it.o(i.SysTick_Handler) for SysTick_Handler
    startup_stm32f767xx.o(RESET) refers to stm32f7xx_it.o(i.EXTI9_5_IRQHandler) for EXTI9_5_IRQHandler
    startup_stm32f767xx.o(.text) refers (Special) to heapauxi.o(.text) for __use_two_region_memory
    startup_stm32f767xx.o(.text) refers to system_stm32f7xx.o(i.SystemInit) for SystemInit
    startup_stm32f767xx.o(.text) refers to __main.o(!!!main) for __main
    startup_stm32f767xx.o(.text) refers to startup_stm32f767xx.o(HEAP) for Heap_Mem
    startup_stm32f767xx.o(.text) refers to startup_stm32f767xx.o(STACK) for Stack_Mem
    network.o(i.ai_network_create) refers to ai_platform_interface.o(i.ai_platform_network_create) for ai_platform_network_create
    network.o(i.ai_network_create) refers to network.o(.data) for .data
    network.o(i.ai_network_create_and_init) refers to network.o(i.ai_network_create) for ai_network_create
    network.o(i.ai_network_create_and_init) refers to network_data.o(i.ai_network_data_params_get) for ai_network_data_params_get
    network.o(i.ai_network_create_and_init) refers to network.o(i.ai_network_get_error) for ai_network_get_error
    network.o(i.ai_network_create_and_init) refers to ai_platform.o(i.ai_buffer_array_item_set_address) for ai_buffer_array_item_set_address
    network.o(i.ai_network_create_and_init) refers to network.o(i.ai_network_init) for ai_network_init
    network.o(i.ai_network_destroy) refers to ai_platform_interface.o(i.ai_platform_network_destroy) for ai_platform_network_destroy
    network.o(i.ai_network_forward) refers to ai_platform_interface.o(i.ai_platform_network_process) for ai_platform_network_process
    network.o(i.ai_network_get_error) refers to ai_platform_interface.o(i.ai_platform_network_get_error) for ai_platform_network_get_error
    network.o(i.ai_network_get_info) refers to ai_platform_interface.o(i.ai_platform_context_acquire) for ai_platform_context_acquire
    network.o(i.ai_network_get_info) refers to rt_memcpy_w.o(.text) for __aeabi_memcpy4
    network.o(i.ai_network_get_info) refers to ai_platform_interface.o(i.ai_platform_runtime_get_revision) for ai_platform_runtime_get_revision
    network.o(i.ai_network_get_info) refers to ai_platform_interface.o(i.ai_platform_runtime_get_version) for ai_platform_runtime_get_version
    network.o(i.ai_network_get_info) refers to ai_platform_interface.o(i.ai_platform_api_get_version) for ai_platform_api_get_version
    network.o(i.ai_network_get_info) refers to ai_platform_interface.o(i.ai_platform_interface_api_get_version) for ai_platform_interface_api_get_version
    network.o(i.ai_network_get_info) refers to ai_platform_interface.o(i.ai_platform_api_get_network_report) for ai_platform_api_get_network_report
    network.o(i.ai_network_get_info) refers to network.o(.constdata) for .constdata
    network.o(i.ai_network_get_report) refers to ai_platform_interface.o(i.ai_platform_context_acquire) for ai_platform_context_acquire
    network.o(i.ai_network_get_report) refers to rt_memcpy_w.o(.text) for __aeabi_memcpy4
    network.o(i.ai_network_get_report) refers to ai_platform_interface.o(i.ai_platform_runtime_get_revision) for ai_platform_runtime_get_revision
    network.o(i.ai_network_get_report) refers to ai_platform_interface.o(i.ai_platform_runtime_get_version) for ai_platform_runtime_get_version
    network.o(i.ai_network_get_report) refers to ai_platform_interface.o(i.ai_platform_api_get_version) for ai_platform_api_get_version
[...]
    _memset_w                                0x08000929   Thumb Code     0  rt_memclr_w.o(.text)
    __use_two_region_memory                  0x08000973   Thumb Code     2  heapauxi.o(.text)
    __rt_heap_escrow                         0x08000975   Thumb Code     2  heapauxi.o(.text)
    __rt_heap_expand                         0x08000977   Thumb Code     2  heapauxi.o(.text)
    __rt_heap_descriptor                     0x08000979   Thumb Code     8  rt_heap_descriptor_intlibspace.o(.text)
    __use_no_heap                            0x08000981   Thumb Code     2  hguard.o(.text)
    __heap$guard                             0x08000983   Thumb Code     2  hguard.o(.text)
    _terminate_user_alloc                    0x08000985   Thumb Code     2  init_alloc.o(.text)
    _init_user_alloc                         0x08000987   Thumb Code     2  init_alloc.o(.text)
    __Heap_Full                              0x08000989   Thumb Code    34  init_alloc.o(.text)
    __Heap_Broken                            0x080009ab   Thumb Code     6  init_alloc.o(.text)
    _init_alloc                              0x080009b1   Thumb Code    94  init_alloc.o(.text)
    __Heap_Initialize                        0x08000a0f   Thumb Code    10  h1_init.o(.text)
    __Heap_DescSize                          0x08000a19   Thumb Code     4  h1_init.o(.text)
    __read_errno                             0x08000a1d   Thumb Code    10  _rserrno.o(.text)
    __set_errno                              0x08000a27   Thumb Code    12  _rserrno.o(.text)
    _printf_int_common                       0x08000a33   Thumb Code   178  _printf_intcommon.o(.text)
    __lib_sel_fp_printf                      0x08000ae5   Thumb Code     2  _printf_fp_dec.o(.text)
    _printf_fp_dec_real                      0x08000c97   Thumb Code   620  _printf_fp_dec.o(.text)
    _printf_char_common                      0x08000f0f   Thumb Code    32  _printf_char_common.o(.text)
    _sputc                                   0x08000f35   Thumb Code    10  _sputc.o(.text)
    __aeabi_memmove4                         0x08000f3f   Thumb Code     0  rt_memmove_w.o(.text)
    __aeabi_memmove8                         0x08000f3f   Thumb Code     0  rt_memmove_w.o(.text)
    __rt_memmove_w                           0x08000f3f   Thumb Code   122  rt_memmove_w.o(.text)
    __memmove_aligned                        0x08000f65   Thumb Code     0  rt_memmove_w.o(.text)
    __memmove_lastfew_aligned                0x08000f9d   Thumb Code     0  rt_memmove_w.o(.text)
    __user_libspace                          0x08000fb9   Thumb Code     8  libspace.o(.text)
    __user_perproc_libspace                  0x08000fb9   Thumb Code     0  libspace.o(.text)
    __user_perthread_libspace                0x08000fb9   Thumb Code     0  libspace.o(.text)
    __rt_locale                              0x08000fc1   Thumb Code     8  rt_locale_intlibspace.o(.text)
    __aeabi_errno_addr                       0x08000fc9   Thumb Code     8  rt_errno_addr_intlibspace.o(.text)
    __errno$intlibspace                      0x08000fc9   Thumb Code     0  rt_errno_addr_intlibspace.o(.text)
    __rt_errno_addr$intlibspace              0x08000fc9   Thumb Code     0  rt_errno_addr_intlibspace.o(.text)
    __Heap_ProvideMemory                     0x08000fd1   Thumb Code    52  h1_extend.o(.text)
    _ll_udiv10                               0x08001005   Thumb Code   138  lludiv10.o(.text)
    _printf_fp_infnan                        0x08001091   Thumb Code   112  _printf_fp_infnan.o(.text)
    _btod_etento                             0x08001111   Thumb Code   224  bigflt0.o(.text)
    __rt_SIGRTMEM                            0x080011f5   Thumb Code    14  defsig_rtmem_outer.o(.text)
    __I$use$semihosting                      0x08001203   Thumb Code     0  use_no_semi.o(.text)
    __use_no_semihosting_swi                 0x08001203   Thumb Code     2  use_no_semi.o(.text)
    __semihosting_library_function           0x08001205   Thumb Code     0  indicate_semi.o(.text)
    __user_setup_stackheap                   0x08001205   Thumb Code    74  sys_stackheap_outer.o(.text)
    exit                                     0x0800124f   Thumb Code    18  exit.o(.text)
    __sig_exit                               0x08001261   Thumb Code    10  defsig_exit.o(.text)
    __rt_SIGRTMEM_inner                      0x0800126d   Thumb Code    22  defsig_rtmem_inner.o(.text)
    strcmp                                   0x080012bd   Thumb Code   104  strcmpv7m_pel.o(.text)
    _sys_exit                                0x08001325   Thumb Code     8  sys_exit.o(.text)
    __default_signal_display                 0x08001331   Thumb Code    50  defsig_general.o(.text)
    _ttywrch                                 0x08001363   Thumb Code    14  sys_wrch.o(.text)
    _btod_d2e                                0x08001371   Thumb Code    62  btod.o(CL$$btod_d2e)
    _d2e_denorm_low                          0x080013af   Thumb Code    70  btod.o(CL$$btod_d2e_denorm_low)
    _d2e_norm_op1                            0x080013f5   Thumb Code    96  btod.o(CL$$btod_d2e_norm_op1)
    __btod_div_common                        0x08001455   Thumb Code   696  btod.o(CL$$btod_div_common)
    _e2e                                     0x0800178d   Thumb Code   220  btod.o(CL$$btod_e2e)
    _btod_ediv                               0x08001869   Thumb Code    42  btod.o(CL$$btod_ediv)
    _btod_emul                               0x08001893   Thumb Code    42  btod.o(CL$$btod_emul)
    __btod_mult_common                       0x080018bd   Thumb Code   580  btod.o(CL$$btod_mult_common)
    Apply_ETL                                0x08001b01   Thumb Code   330  main.o(i.Apply_ETL)
    BusFault_Handler                         0x08001c75   Thumb Code     2  stm32f7xx_it.o(i.BusFault_Handler)
    DebugMon_Handler                         0x08001c77   Thumb Code     2  stm32f7xx_it.o(i.DebugMon_Handler)
    EXTI9_5_IRQHandler                       0x08001c79   Thumb Code     6  stm32f7xx_it.o(i.EXTI9_5_IRQHandler)
    Error_Handler                            0x08001c7f   Thumb Code     4  main.o(i.Error_Handler)
    GetIcmAccelRawData                       0x08001c83   Thumb Code   104  main.o(i.GetIcmAccelRawData)
    GetIcmGyroRawData                        0x08001ceb   Thumb Code   104  main.o(i.GetIcmGyroRawData)
    HAL_Delay                                0x08001d55   Thumb Code    32  stm32f7xx_hal.o(i.HAL_Delay)
    HAL_GPIO_EXTI_Callback                   0x08001d79   Thumb Code     2  stm32f7xx_hal_gpio.o(i.HAL_GPIO_EXTI_Callback)
    HAL_GPIO_EXTI_IRQHandler                 0x08001d7d   Thumb Code    18  stm32f7xx_hal_gpio.o(i.HAL_GPIO_EXTI_IRQHandler)
    HAL_GPIO_Init                            0x08001d95   Thumb Code   530  stm32f7xx_hal_gpio.o(i.HAL_GPIO_Init)
    HAL_GPIO_ReadPin                         0x08001fdd   Thumb Code    10  stm32f7xx_hal_gpio.o(i.HAL_GPIO_ReadPin)
    HAL_GPIO_TogglePin                       0x08001fe7   Thumb Code    16  stm32f7xx_hal_gpio.o(i.HAL_GPIO_TogglePin)
    HAL_GPIO_WritePin                        0x08001ff7   Thumb Code    10  stm32f7xx_hal_gpio.o(i.HAL_GPIO_WritePin)
    HAL_GetTick                              0x08002001   Thumb Code     6  stm32f7xx_hal.o(i.HAL_GetTick)
    HAL_I2CEx_ConfigAnalogFilter             0x0800200d   Thumb Code    88  stm32f7xx_hal_i2c_ex.o(i.HAL_I2CEx_ConfigAnalogFilter)
    HAL_I2CEx_ConfigDigitalFilter            0x08002065   Thumb Code    84  stm32f7xx_hal_i2c_ex.o(i.HAL_I2CEx_ConfigDigitalFilter)
    HAL_I2C_Init                             0x080020b9   Thumb Code   186  stm32f7xx_hal_i2c.o(i.HAL_I2C_Init)
    HAL_I2C_Mem_Read                         0x08002179   Thumb Code   348  stm32f7xx_hal_i2c.o(i.HAL_I2C_Mem_Read)
    HAL_I2C_Mem_Write                        0x080022dd   Thumb Code   340  stm32f7xx_hal_i2c.o(i.HAL_I2C_Mem_Write)
    HAL_I2C_MspInit                          0x08002435   Thumb Code   122  i2c.o(i.HAL_I2C_MspInit)
    HAL_IncTick                              0x080024bd   Thumb Code    12  stm32f7xx_hal.o(i.HAL_IncTick)
    HAL_Init                                 0x080024cd   Thumb Code    22  stm32f7xx_hal.o(i.HAL_Init)
    HAL_InitTick                             0x080024e5   Thumb Code    54  stm32f7xx_hal.o(i.HAL_InitTick)
    HAL_MPU_ConfigRegion                     0x08002525   Thumb Code    86  stm32f7xx_hal_cortex.o(i.HAL_MPU_ConfigRegion)
    HAL_MPU_Disable                          0x08002581   Thumb Code    24  stm32f7xx_hal_cortex.o(i.HAL_MPU_Disable)
    HAL_MPU_Enable                           0x0800259d   Thumb Code    30  stm32f7xx_hal_cortex.o(i.HAL_MPU_Enable)
    HAL_MspInit                              0x080025c1   Thumb Code    42  stm32f7xx_hal_msp.o(i.HAL_MspInit)
    HAL_NVIC_EnableIRQ                       0x080025f1   Thumb Code    26  stm32f7xx_hal_cortex.o(i.HAL_NVIC_EnableIRQ)
    HAL_NVIC_SetPriority                     0x0800260d   Thumb Code    60  stm32f7xx_hal_cortex.o(i.HAL_NVIC_SetPriority)
    HAL_NVIC_SetPriorityGrouping             0x0800264d   Thumb Code    28  stm32f7xx_hal_cortex.o(i.HAL_NVIC_SetPriorityGrouping)
    HAL_PWREx_EnableOverDrive                0x08002671   Thumb Code   100  stm32f7xx_hal_pwr_ex.o(i.HAL_PWREx_EnableOverDrive)
    HAL_PWR_EnterSTOPMode                    0x080026dd   Thumb Code    56  stm32f7xx_hal_pwr.o(i.HAL_PWR_EnterSTOPMode)
    HAL_RCCEx_PeriphCLKConfig                0x0800271d   Thumb Code  1336  stm32f7xx_hal_rcc_ex.o(i.HAL_RCCEx_PeriphCLKConfig)
    HAL_RCC_ClockConfig                      0x08002c59   Thumb Code   284  stm32f7xx_hal_rcc.o(i.HAL_RCC_ClockConfig)
    HAL_RCC_GetPCLK1Freq                     0x08002d89   Thumb Code    20  stm32f7xx_hal_rcc.o(i.HAL_RCC_GetPCLK1Freq)
    HAL_RCC_GetPCLK2Freq                     0x08002da9   Thumb Code    20  stm32f7xx_hal_rcc.o(i.HAL_RCC_GetPCLK2Freq)
    HAL_RCC_GetSysClockFreq                  0x08002dc9   Thumb Code    88  stm32f7xx_hal_rcc.o(i.HAL_RCC_GetSysClockFreq)
    HAL_RCC_OscConfig                        0x08002e29   Thumb Code   906  stm32f7xx_hal_rcc.o(i.HAL_RCC_OscConfig)
    HAL_ResumeTick                           0x080031c1   Thumb Code    14  stm32f7xx_hal.o(i.HAL_ResumeTick)
    HAL_SYSTICK_Config                       0x080031cf   Thumb Code    38  stm32f7xx_hal_cortex.o(i.HAL_SYSTICK_Config)
    HAL_SuspendTick                          0x080031f5   Thumb Code    14  stm32f7xx_hal.o(i.HAL_SuspendTick)
    HAL_UART_Init                            0x08003203   Thumb Code   102  stm32f7xx_hal_uart.o(i.HAL_UART_Init)
    HAL_UART_MspInit                         0x08003269   Thumb Code   120  usart.o(i.HAL_UART_MspInit)
    HAL_UART_Receive                         0x080032ed   Thumb Code   232  stm32f7xx_hal_uart.o(i.HAL_UART_Receive)
    HAL_UART_Transmit                        0x080033d5   Thumb Code   166  stm32f7xx_hal_uart.o(i.HAL_UART_Transmit)
    HM19_ConfigureAsSlaveWithName            0x0800347d   Thumb Code    44  main.o(i.HM19_ConfigureAsSlaveWithName)
    HM19_SendATCommand                       0x080034c9   Thumb Code    54  main.o(i.HM19_SendATCommand)
    HardFault_Handler                        0x08003505   Thumb Code     2  stm32f7xx_it.o(i.HardFault_Handler)
    IcmConfig                                0x08003861   Thumb Code   128  main.o(i.IcmConfig)
    IcmInit                                  0x080038ed   Thumb Code   146  main.o(i.IcmInit)
    IcmRead                                  0x0800398d   Thumb Code   118  main.o(i.IcmRead)
    IcmWrite                                 0x08003a21   Thumb Code   118  main.o(i.IcmWrite)
    IsIcmRawDataRdy                          0x08003ab5   Thumb Code    26  main.o(i.IsIcmRawDataRdy)
    MX_GPIO_Init                             0x08003b11   Thumb Code   210  gpio.o(i.MX_GPIO_Init)
    MX_I2C1_Init                             0x08003bf1   Thumb Code    76  i2c.o(i.MX_I2C1_Init)
    MX_USART2_UART_Init                      0x08003c49   Thumb Code    52  usart.o(i.MX_USART2_UART_Init)
    MemManage_Handler                        0x08003c85   Thumb Code     2  stm32f7xx_it.o(i.MemManage_Handler)
    NMI_Handler                              0x08003c87   Thumb Code     2  stm32f7xx_it.o(i.NMI_Handler)
    PendSV_Handler                           0x08003c89   Thumb Code     2  stm32f7xx_it.o(i.PendSV_Handler)
    SVC_Handler                              0x08003d11   Thumb Code     2  stm32f7xx_it.o(i.SVC_Handler)
    SysTick_Handler                          0x08003d13   Thumb Code     4  stm32f7xx_it.o(i.SysTick_Handler)
    SystemClock_Config                       0x08003d19   Thumb Code   152  main.o(i.SystemClock_Config)
    SystemInit                               0x08003db9   Thumb Code    12  system_stm32f7xx.o(i.SystemInit)
    UART_AdvFeatureConfig                    0x08003e45   Thumb Code   200  stm32f7xx_hal_uart.o(i.UART_AdvFeatureConfig)
    UART_CheckIdleState                      0x08003f0d   Thumb Code   166  stm32f7xx_hal_uart.o(i.UART_CheckIdleState)
    UART_SetConfig                           0x08004001   Thumb Code   516  stm32f7xx_hal_uart.o(i.UART_SetConfig)
    UART_WaitOnFlagUntilTimeout              0x08004231   Thumb Code   148  stm32f7xx_hal_uart.o(i.UART_WaitOnFlagUntilTimeout)
    UsageFault_Handler                       0x080042c5   Thumb Code     2  stm32f7xx_it.o(i.UsageFault_Handler)
    __ARM_fpclassify                         0x080042c7   Thumb Code    48  fpclassify.o(i.__ARM_fpclassify)
    __ARM_fpclassifyf                        0x080042f7   Thumb Code    38  fpclassifyf.o(i.__ARM_fpclassifyf)
    __hardfp_expf                            0x080045a9   Thumb Code   426  expf.o(i.__hardfp_expf)
    __mathlib_expf                           0x080045a9   Thumb Code     0  expf.o(i.__hardfp_expf)
    __hardfp_tanhf                           0x0800479d   Thumb Code   208  tanhf.o(i.__hardfp_tanhf)
    __mathlib_flt_infnan                     0x08004889   Thumb Code     6  funder.o(i.__mathlib_flt_infnan)
    __mathlib_flt_overflow                   0x08004891   Thumb Code    10  funder.o(i.__mathlib_flt_overflow)
    __mathlib_flt_underflow                  0x080048a1   Thumb Code    10  funder.o(i.__mathlib_flt_underflow)
    _is_digit                                0x08004a7f   Thumb Code    14  __printf_wp.o(i._is_digit)
    ai_array_get_byte_size                   0x0800541d   Thumb Code    40  ai_datatypes_format.o(i.ai_array_get_byte_size)
    ai_array_get_data_byte_size              0x08005445   Thumb Code    30  ai_datatypes_format.o(i.ai_array_get_data_byte_size)
    ai_array_to_buffer_fmt                   0x08005465   Thumb Code   250  ai_datatypes_format.o(i.ai_array_to_buffer_fmt)
    ai_buffer_array_sane                     0x08005595   Thumb Code    18  ai_platform.o(i.ai_buffer_array_sane)
    ai_buffer_get_size                       0x080055a9   Thumb Code    96  ai_platform.o(i.ai_buffer_get_size)
    ai_check_custom_types                    0x08005611   Thumb Code    38  layers.o(i.ai_check_custom_types)
    ai_layers_forward_all                    0x0800563d   Thumb Code    80  layers.o(i.ai_layers_forward_all)
    ai_layers_init_all                       0x0800568d   Thumb Code    30  layers.o(i.ai_layers_init_all)
    ai_layers_post_init_all                  0x080056ab   Thumb Code    54  layers.o(i.ai_layers_post_init_all)
    ai_network_create                        0x080056e1   Thumb Code    20  network.o(i.ai_network_create)
    ai_network_data_activations_buffer_get   0x080056f9   Thumb Code    52  network_data.o(i.ai_network_data_activations_buffer_get)
    ai_network_data_weights_buffer_get       0x08005731   Thumb Code    52  network_data.o(i.ai_network_data_weights_buffer_get)
    ai_network_data_weights_get              0x08005769   Thumb Code     4  network_data.o(i.ai_network_data_weights_get)
    ai_network_init                          0x08005771   Thumb Code    48  network.o(i.ai_network_init)
    ai_network_inputs_get                    0x080057a1   Thumb Code    12  network.o(i.ai_network_inputs_get)
    ai_network_outputs_get                   0x080057b5   Thumb Code    12  network.o(i.ai_network_outputs_get)
    ai_network_run                           0x080057c9   Thumb Code     4  network.o(i.ai_network_run)
    ai_platform_context_acquire              0x080057cd   Thumb Code    14  ai_platform_interface.o(i.ai_platform_context_acquire)
    ai_platform_get_activations_map          0x080057e1   Thumb Code    38  ai_platform_interface.o(i.ai_platform_get_activations_map)
    ai_platform_get_weights_map              0x0800580d   Thumb Code    36  ai_platform_interface.o(i.ai_platform_get_weights_map)
    ai_platform_inputs_get                   0x08005835   Thumb Code    66  ai_platform_interface.o(i.ai_platform_inputs_get)
    ai_platform_network_create               0x08005879   Thumb Code   146  ai_platform_interface.o(i.ai_platform_network_create)
    ai_platform_network_init                 0x08005915   Thumb Code   264  ai_platform_interface.o(i.ai_platform_network_init)
    ai_platform_network_post_init            0x08005a2d   Thumb Code    76  ai_platform_interface.o(i.ai_platform_network_post_init)
    ai_platform_network_process              0x08005a7d   Thumb Code    84  ai_platform_interface.o(i.ai_platform_network_process)
    ai_platform_network_set_error            0x08005ad1   Thumb Code    12  ai_platform_interface.o(i.ai_platform_network_set_error)
    ai_platform_outputs_get                  0x08005add   Thumb Code    72  ai_platform_interface.o(i.ai_platform_outputs_get)
    ai_version_get                           0x08005b3f   Thumb Code    12  ai_datatypes_internal.o(i.ai_version_get)
    core_init                                0x08005b5f   Thumb Code     4  core_common.o(i.core_init)
    core_set_error                           0x08005b99   Thumb Code    26  core_common.o(i.core_set_error)
    forward_ap                               0x08005bb3   Thumb Code   374  layers_pool_generic_float.o(i.forward_ap)
    forward_concat                           0x08005d29   Thumb Code  1162  layers_generic_float.o(i.forward_concat)
    forward_conv2d_if32of32wf32              0x080061bd   Thumb Code   512  layers_conv2d_generic_float.o(i.forward_conv2d_if32of32wf32)
    forward_conv2d_if32of32wf32_nl_pool      0x080063bd   Thumb Code   718  layers_conv2d_generic_float.o(i.forward_conv2d_if32of32wf32_nl_pool)
    forward_dense                            0x0800668d   Thumb Code   338  layers_conv2d_generic_float.o(i.forward_dense)
    forward_lite_conv2d_if32of32wf32         0x080067e5   Thumb Code   338  forward_lite_conv2d_if32of32wf32.o(i.forward_lite_conv2d_if32of32wf32)
    forward_lite_conv2d_if32of32wf32_pool    0x0800693d   Thumb Code   650  forward_lite_conv2d_if32of32wf32.o(i.forward_lite_conv2d_if32of32wf32_pool)
    forward_lite_dense_if32of32wf32          0x08006bcd   Thumb Code   152  lite_dense_if32.o(i.forward_lite_dense_if32of32wf32)
    forward_lite_dense_if32of32wf32_lut4     0x08006c69   Thumb Code   164  lite_dense_if32.o(i.forward_lite_dense_if32of32wf32_lut4)
    forward_lite_dense_if32of32wf32_lut8     0x08006d11   Thumb Code   168  lite_dense_if32.o(i.forward_lite_dense_if32of32wf32_lut8)
    forward_lite_nl_relu_generic_if32of32_kernel 0x08006dbd   Thumb Code   160  lite_nl_relu_if32of32.o(i.forward_lite_nl_relu_generic_if32of32_kernel)
    forward_lite_nl_relu_if32of32            0x08006e61   Thumb Code    36  lite_nl_generic_float.o(i.forward_lite_nl_relu_if32of32)
    forward_lite_nl_softmax_if32of32         0x08006e89   Thumb Code    86  lite_nl_generic_float.o(i.forward_lite_nl_softmax_if32of32)
    forward_lite_nl_softmax_if32of32_kernel  0x08006ee1   Thumb Code   150  lite_nl_softmax_if32of32.o(i.forward_lite_nl_softmax_if32of32_kernel)
    forward_lstm                             0x08006f7d   Thumb Code  1222  layers_rnn_generic_float.o(i.forward_lstm)
    forward_relu                             0x0800744d   Thumb Code   192  layers_nl_generic_float.o(i.forward_relu)
    forward_sm                               0x08007511   Thumb Code   140  layers_nl_generic_float.o(i.forward_sm)
    get_tensor_byte_size                     0x0800770d   Thumb Code    34  ai_datatypes_internal.o(i.get_tensor_byte_size)
    lite_decompress_ilutof32                 0x08007735   Thumb Code   124  lite_dense_if32.o(i.lite_decompress_ilutof32)
    main                                     0x080077b1   Thumb Code  1490  main.o(i.main)
    nl_func_sigmoid_array_f32                0x0800804d   Thumb Code    72  layers_nl_generic_float.o(i.nl_func_sigmoid_array_f32)
    nl_func_tanh_array_f32                   0x08008095   Thumb Code    48  layers_nl_generic_float.o(i.nl_func_tanh_array_f32)
    pool_func_ap_kernel_array_f32            0x080080c5   Thumb Code   124  layers_pool_generic_float.o(i.pool_func_ap_kernel_array_f32)
    pool_func_mp_array_f32                   0x08008141   Thumb Code   420  forward_lite_pool_f32.o(i.pool_func_mp_array_f32)
    st_int8_copy                             0x080082e9   Thumb Code   132  st_int8_fill.o(i.st_int8_copy)
    st_int8_fill                             0x0800836d   Thumb Code    92  st_int8_fill.o(i.st_int8_fill)
    _get_lc_numeric                          0x080083c9   Thumb Code    44  lc_numeric_c.o(locale$$code)
    _fp_init                                 0x080083f5   Thumb Code    10  fpinit.o(x$fpl$fpinit)
    __fplib_config_fpu_vfp                   0x080083fd   Thumb Code     0  fpinit.o(x$fpl$fpinit)
    __fplib_config_pureend_doubles           0x080083fd   Thumb Code     0  fpinit.o(x$fpl$fpinit)
    _printf_fp_dec                           0x080083ff   Thumb Code     4  printf1.o(x$fpl$printf1)
    __I$use$fp                               0x08008402   Number         0  usenofp.o(x$fpl$usenofp)
    s_network_weights_array_u64              0x080084e0   Data       533520  network_data_params.o(.constdata)
    AHBPrescTable                            0x0808a8f0   Data          16  system_stm32f7xx.o(.constdata)
    APBPrescTable                            0x0808a900   Data           8  system_stm32f7xx.o(.constdata)
    Region$$Table$$Base                      0x0808ab60   Number         0  anon$$obj.o(Region$$Table)
    Region$$Table$$Limit                     0x0808ab80   Number         0  anon$$obj.o(Region$$Table)
    g_network_data_map_activations           0x20000ff8   Data          28  network_data.o(.data)
    g_network_data_map_weights               0x20001014   Data          28  network_data.o(.data)
    g_network_weights_table                  0x20001030   Data          12  network_data_params.o(.data)
    g_icmCb                                  0x2000103c   Data           1  main.o(.data)
    network                                  0x20001040   Data           4  main.o(.data)
    ai_input                                 0x20001044   Data           4  main.o(.data)
    ai_output                                0x20001048   Data           4  main.o(.data)
    uwTickFreq                               0x2000104c   Data           1  stm32f7xx_hal.o(.data)
    uwTickPrio                               0x20001050   Data           4  stm32f7xx_hal.o(.data)
    uwTick                                   0x20001054   Data           4  stm32f7xx_hal.o(.data)
    SystemCoreClock                          0x20001058   Data           4  system_stm32f7xx.o(.data)
    my_gyro                                  0x200010d4   Data          20  main.o(.bss)
    my_accel                                 0x200010e8   Data          20  main.o(.bss)
    raw_data_buffer                          0x200010fc   Data        7128  main.o(.bss)
    processed_buffer                         0x20002cd4   Data        7128  main.o(.bss)
    activations                              0x200048ac   Data       153344  main.o(.bss)
    temp                                     0x20029fac   Data        1188  main.o(.bss)
    hi2c1                                    0x2002a450   Data          84  i2c.o(.bss)
    huart2                                   0x2002a4a4   Data         136  usart.o(.bss)
    __libspace_start                         0x2002a52c   Data          96  libspace.o(.bss)
    __temporary_stack_top$libspace           0x2002a58c   Data           0  libspace.o(.bss)



==============================================================================

Memory Map of the image

  Image Entry point : 0x080001f9

  Load Region LR_IROM1 (Base: 0x08000000, Size: 0x0008bbf8, Max: 0x00200000, ABSOLUTE, COMPRESSED[0x0008b0f8])

    Execution Region ER_IROM1 (Exec base: 0x08000000, Load base: 0x08000000, Size: 0x0008ab9c, Max: 0x00200000, ABSOLUTE)

    Exec Addr    Load Addr    Size         Type   Attr      Idx    E Section Name        Object

    0x08000000   0x08000000   0x000001f8   Data   RO            3    RESET               startup_stm32f767xx.o
    0x080001f8   0x080001f8   0x00000008   Code   RO         5004  * !!!main             c_w.l(__main.o)
    0x08000200   0x08000200   0x00000034   Code   RO         5635    !!!scatter          c_w.l(__scatter.o)
    0x08000234   0x08000234   0x0000005a   Code   RO         5633    !!dczerorl2         c_w.l(__dczerorl2.o)
    0x0800028e   0x0800028e   0x00000002   PAD
    0x08000290   0x08000290   0x0000001c   Code   RO         5637    !!handler_zi        c_w.l(__scatter_zi.o)
    0x080002ac   0x080002ac   0x00000000   Code   RO         4985    .ARM.Collect$$_printf_percent$$00000000  c_w.l(_printf_percent.o)
    0x080002ac   0x080002ac   0x00000006   Code   RO         4984    .ARM.Collect$$_printf_percent$$00000003  c_w.l(_printf_f.o)
    0x080002b2   0x080002b2   0x00000006   Code   RO         4983    .ARM.Collect$$_printf_percent$$00000009  c_w.l(_printf_d.o)
    0x080002b8   0x080002b8   0x00000004   Code   RO         5296    .ARM.Collect$$_printf_percent$$00000017  c_w.l(_printf_percent_end.o)
    0x080002bc   0x080002bc   0x00000002   Code   RO         5546    .ARM.Collect$$libinit$$00000000  c_w.l(libinit.o)
    0x080002be   0x080002be   0x00000004   Code   RO         5307    .ARM.Collect$$libinit$$00000001  c_w.l(libinit2.o)
    0x080002c2   0x080002c2   0x00000000   Code   RO         5310    .ARM.Collect$$libinit$$00000004  c_w.l(libinit2.o)
    0x080002c2   0x080002c2   0x00000008   Code   RO         5311    .ARM.Collect$$libinit$$00000005  c_w.l(libinit2.o)
    0x080002ca   0x080002ca   0x00000000   Code   RO         5313    .ARM.Collect$$libinit$$0000000A  c_w.l(libinit2.o)
    0x080002ca   0x080002ca   0x00000000   Code   RO         5315    .ARM.Collect$$libinit$$0000000C  c_w.l(libinit2.o)
    0x080002ca   0x080002ca   0x00000000   Code   RO         5317    .ARM.Collect$$libinit$$0000000E  c_w.l(libinit2.o)
    0x080002ca   0x080002ca   0x00000006   Code   RO         5318    .ARM.Collect$$libinit$$0000000F  c_w.l(libinit2.o)
    0x080002d0   0x080002d0   0x00000000   Code   RO         5320    .ARM.Collect$$libinit$$00000011  c_w.l(libinit2.o)
    0x080002d0   0x080002d0   0x00000000   Code   RO         5322    .ARM.Collect$$libinit$$00000013  c_w.l(libinit2.o)
    0x080002d0   0x080002d0   0x00000000   Code   RO         5324    .ARM.Collect$$libinit$$00000015  c_w.l(libinit2.o)
    0x080002d0   0x080002d0   0x0000000a   Code   RO         5325    .ARM.Collect$$libinit$$00000016  c_w.l(libinit2.o)
    0x080002da   0x080002da   0x00000000   Code   RO         5326    .ARM.Collect$$libinit$$00000017  c_w.l(libinit2.o)
    0x080002da   0x080002da   0x00000000   Code   RO         5328    .ARM.Collect$$libinit$$00000019  c_w.l(libinit2.o)
    0x080002da   0x080002da   0x00000000   Code   RO         5330    .ARM.Collect$$libinit$$0000001B  c_w.l(libinit2.o)
    0x080002da   0x080002da   0x00000000   Code   RO         5332    .ARM.Collect$$libinit$$0000001D  c_w.l(libinit2.o)
    0x080002da   0x080002da   0x00000000   Code   RO         5334    .ARM.Collect$$libinit$$0000001F  c_w.l(libinit2.o)
    0x080002da   0x080002da   0x00000000   Code   RO         5336    .ARM.Collect$$libinit$$00000021  c_w.l(libinit2.o)
    0x080002da   0x080002da   0x00000000   Code   RO         5338    .ARM.Collect$$libinit$$00000023  c_w.l(libinit2.o)
    0x080002da   0x080002da   0x00000000   Code   RO         5340    .ARM.Collect$$libinit$$00000025  c_w.l(libinit2.o)
    0x080002da   0x080002da   0x00000000   Code   RO         5344    .ARM.Collect$$libinit$$0000002C  c_w.l(libinit2.o)
    0x080002da   0x080002da   0x00000000   Code   RO         5346    .ARM.Collect$$libinit$$0000002E  c_w.l(libinit2.o)
    0x080002da   0x080002da   0x00000000   Code   RO         5348    .ARM.Collect$$libinit$$00000030  c_w.l(libinit2.o)
    0x080002da   0x080002da   0x00000000   Code   RO         5350    .ARM.Collect$$libinit$$00000032  c_w.l(libinit2.o)
    0x080002da   0x080002da   0x00000002   Code   RO         5351    .ARM.Collect$$libinit$$00000033  c_w.l(libinit2.o)
    0x080002dc   0x080002dc   0x00000002   Code   RO         5630    .ARM.Collect$$libshutdown$$00000000  c_w.l(libshutdown.o)
    0x080002de   0x080002de   0x00000000   Code   RO         5548    .ARM.Collect$$libshutdown$$00000002  c_w.l(libshutdown2.o)
    0x080002de   0x080002de   0x00000000   Code   RO         5550    .ARM.Collect$$libshutdown$$00000004  c_w.l(libshutdown2.o)
    0x080002de   0x080002de   0x00000000   Code   RO         5552    .ARM.Collect$$libshutdown$$00000006  c_w.l(libshutdown2.o)
    0x080002de   0x080002de   0x00000000   Code   RO         5555    .ARM.Collect$$libshutdown$$00000009  c_w.l(libshutdown2.o)
    0x080002de   0x080002de   0x00000000   Code   RO         5558    .ARM.Collect$$libshutdown$$0000000C  c_w.l(libshutdown2.o)
    0x080002de   0x080002de   0x00000000   Code   RO         5560    .ARM.Collect$$libshutdown$$0000000E  c_w.l(libshutdown2.o)
    0x080002de   0x080002de   0x00000000   Code   RO         5563    .ARM.Collect$$libshutdown$$00000011  c_w.l(libshutdown2.o)
    0x080002de   0x080002de   0x00000002   Code   RO         5564    .ARM.Collect$$libshutdown$$00000012  c_w.l(libshutdown2.o)
    0x080002e0   0x080002e0   0x00000000   Code   RO         5252    .ARM.Collect$$rtentry$$00000000  c_w.l(__rtentry.o)
    0x080002e0   0x080002e0   0x00000000   Code   RO         5399    .ARM.Collect$$rtentry$$00000002  c_w.l(__rtentry2.o)
    0x080002e0   0x080002e0   0x00000006   Code   RO         5411    .ARM.Collect$$rtentry$$00000004  c_w.l(__rtentry4.o)
    0x080002e6   0x080002e6   0x00000000   Code   RO         5401    .ARM.Collect$$rtentry$$00000009  c_w.l(__rtentry2.o)
    0x080002e6   0x080002e6   0x00000004   Code   RO         5402    .ARM.Collect$$rtentry$$0000000A  c_w.l(__rtentry2.o)
    0x080002ea   0x080002ea   0x00000000   Code   RO         5404    .ARM.Collect$$rtentry$$0000000C  c_w.l(__rtentry2.o)
    0x080002ea   0x080002ea   0x00000008   Code   RO         5405    .ARM.Collect$$rtentry$$0000000D  c_w.l(__rtentry2.o)
    0x080002f2   0x080002f2   0x00000002   Code   RO         5569    .ARM.Collect$$rtexit$$00000000  c_w.l(rtexit.o)
    0x080002f4   0x080002f4   0x00000000   Code   RO         5598    .ARM.Collect$$rtexit$$00000002  c_w.l(rtexit2.o)
    0x080002f4   0x080002f4   0x00000004   Code   RO         5599    .ARM.Collect$$rtexit$$00000003  c_w.l(rtexit2.o)
    0x080002f8   0x080002f8   0x00000006   Code   RO         5600    .ARM.Collect$$rtexit$$00000004  c_w.l(rtexit2.o)
    0x080002fe   0x080002fe   0x00000002   PAD
    0x08000300   0x08000300   0x00000000   Code   RO         5427    .emb_text           c_w.l(maybetermalloc1.o)
    0x08000300   0x08000300   0x00000040   Code   RO            4    .text               startup_stm32f767xx.o
    0x08000340   0x08000340   0x0000005e   Code   RO         4860    .text               c_w.l(h1_alloc.o)
    0x0800039e   0x0800039e   0x0000004e   Code   RO         4862    .text               c_w.l(h1_free.o)
    0x080003ec   0x080003ec   0x000000ee   Code   RO         4922    .text               c_w.l(lludivv7m.o)
    0x080004da   0x080004da   0x00000002   PAD
    0x080004dc   0x080004dc   0x00000028   Code   RO         4930    .text               c_w.l(noretval__2sprintf.o)
    0x08000504   0x08000504   0x00000078   Code   RO         4938    .text               c_w.l(_printf_dec.o)
    0x0800057c   0x0800057c   0x00000138   Code   RO         4973    .text               c_w.l(__printf_flags_wp.o)
    0x080006b4   0x080006b4   0x00000024   Code   RO         4986    .text               c_w.l(strstr.o)
    0x080006d8   0x080006d8   0x00000058   Code   RO         4988    .text               c_w.l(memcmp.o)
    0x08000730   0x08000730   0x0000003e   Code   RO         4990    .text               c_w.l(strlen.o)
    0x0800076e   0x0800076e   0x0000008a   Code   RO         4992    .text               c_w.l(rt_memcpy_v6.o)
    0x080007f8   0x080007f8   0x00000084   Code   RO         4994    .text               c_w.l(rt_memmove_v6.o)
    0x0800087c   0x0800087c   0x00000064   Code   RO         4996    .text               c_w.l(rt_memcpy_w.o)
    0x080008e0   0x080008e0   0x00000044   Code   RO         4998    .text               c_w.l(rt_memclr.o)
    0x08000924   0x08000924   0x0000004e   Code   RO         5000    .text               c_w.l(rt_memclr_w.o)
    0x08000972   0x08000972   0x00000006   Code   RO         5002    .text               c_w.l(heapauxi.o)
    0x08000978   0x08000978   0x00000008   Code   RO         5260    .text               c_w.l(rt_heap_descriptor_intlibspace.o)
    0x08000980   0x08000980   0x00000004   Code   RO         5262    .text               c_w.l(hguard.o)
    0x08000984   0x08000984   0x0000008a   Code   RO         5264    .text               c_w.l(init_alloc.o)
    0x08000a0e   0x08000a0e   0x0000000e   Code   RO         5268    .text               c_w.l(h1_init.o)
    0x08000a1c   0x08000a1c   0x00000016   Code   RO         5282    .text               c_w.l(_rserrno.o)
    0x08000a32   0x08000a32   0x000000b2   Code   RO         5284    .text               c_w.l(_printf_intcommon.o)
    0x08000ae4   0x08000ae4   0x0000041e   Code   RO         5286    .text               c_w.l(_printf_fp_dec.o)
    0x08000f02   0x08000f02   0x00000002   PAD
    0x08000f04   0x08000f04   0x00000030   Code   RO         5288    .text               c_w.l(_printf_char_common.o)
    0x08000f34   0x08000f34   0x0000000a   Code   RO         5290    .text               c_w.l(_sputc.o)
    0x08000f3e   0x08000f3e   0x0000007a   Code   RO         5303    .text               c_w.l(rt_memmove_w.o)
    0x08000fb8   0x08000fb8   0x00000008   Code   RO         5395    .text               c_w.l(libspace.o)
    0x08000fc0   0x08000fc0   0x00000008   Code   RO         5418    .text               c_w.l(rt_locale_intlibspace.o)
    0x08000fc8   0x08000fc8   0x00000008   Code   RO         5423    .text               c_w.l(rt_errno_addr_intlibspace.o)
    0x08000fd0   0x08000fd0   0x00000034   Code   RO         5429    .text               c_w.l(h1_extend.o)
    0x08001004   0x08001004   0x0000008a   Code   RO         5433    .text               c_w.l(lludiv10.o)
    0x0800108e   0x0800108e   0x00000002   PAD
    0x08001090   0x08001090   0x00000080   Code   RO         5435    .text               c_w.l(_printf_fp_infnan.o)
    0x08001110   0x08001110   0x000000e4   Code   RO         5439    .text               c_w.l(bigflt0.o)
    0x080011f4   0x080011f4   0x0000000e   Code   RO         5481    .text               c_w.l(defsig_rtmem_outer.o)
    0x08001202   0x08001202   0x00000002   Code   RO         5499    .text               c_w.l(use_no_semi.o)
    0x08001204   0x08001204   0x00000000   Code   RO         5501    .text               c_w.l(indicate_semi.o)
    0x08001204   0x08001204   0x0000004a   Code   RO         5502    .text               c_w.l(sys_stackheap_outer.o)
    0x0800124e   0x0800124e   0x00000012   Code   RO         5521    .text               c_w.l(exit.o)
    0x08001260   0x08001260   0x0000000a   Code   RO         5523    .text               c_w.l(defsig_exit.o)
    0x0800126a   0x0800126a   0x00000002   PAD
    0x0800126c   0x0800126c   0x00000050   Code   RO         5533    .text               c_w.l(defsig_rtmem_inner.o)
    0x080012bc   0x080012bc   0x00000068   Code   RO         5535    .text               c_w.l(strcmpv7m_pel.o)
    0x08001324   0x08001324   0x0000000c   Code   RO         5567    .text               c_w.l(sys_exit.o)
    0x08001330   0x08001330   0x00000032   Code   RO         5587    .text               c_w.l(defsig_general.o)
    0x08001362   0x08001362   0x0000000e   Code   RO         5595    .text               c_w.l(sys_wrch.o)
    0x08001370   0x08001370   0x0000003e   Code   RO         5442    CL$$btod_d2e        c_w.l(btod.o)
    0x080013ae   0x080013ae   0x00000046   Code   RO         5444    CL$$btod_d2e_denorm_low  c_w.l(btod.o)
    0x080013f4   0x080013f4   0x00000060   Code   RO         5443    CL$$btod_d2e_norm_op1  c_w.l(btod.o)
    0x08001454   0x08001454   0x00000338   Code   RO         5452    CL$$btod_div_common  c_w.l(btod.o)
    0x0800178c   0x0800178c   0x000000dc   Code   RO         5449    CL$$btod_e2e        c_w.l(btod.o)
    0x08001868   0x08001868   0x0000002a   Code   RO         5446    CL$$btod_ediv       c_w.l(btod.o)
    0x08001892   0x08001892   0x0000002a   Code   RO         5445    CL$$btod_emul       c_w.l(btod.o)
    0x080018bc   0x080018bc   0x00000244   Code   RO         5451    CL$$btod_mult_common  c_w.l(btod.o)
    0x08001b00   0x08001b00   0x00000174   Code   RO          728    i.Apply_ETL         main.o
    0x08001c74   0x08001c74   0x00000002   Code   RO          986    i.BusFault_Handler  stm32f7xx_it.o
    0x08001c76   0x08001c76   0x00000002   Code   RO          987    i.DebugMon_Handler  stm32f7xx_it.o
    0x08001c78   0x08001c78   0x00000006   Code   RO          988    i.EXTI9_5_IRQHandler  stm32f7xx_it.o
    0x08001c7e   0x08001c7e   0x00000004   Code   RO          729    i.Error_Handler     main.o
    0x08001c82   0x08001c82   0x00000068   Code   RO          730    i.GetIcmAccelRawData  main.o
    0x08001cea   0x08001cea   0x00000068   Code   RO          731    i.GetIcmGyroRawData  main.o
    0x08001d52   0x08001d52   0x00000002   PAD
    0x08001d54   0x08001d54   0x00000024   Code   RO         2532    i.HAL_Delay         stm32f7xx_hal.o
    0x08001d78   0x08001d78   0x00000002   Code   RO         2097    i.HAL_GPIO_EXTI_Callback  stm32f7xx_hal_gpio.o
    0x08001d7a   0x08001d7a   0x00000002   PAD
    0x08001d7c   0x08001d7c   0x00000018   Code   RO         2098    i.HAL_GPIO_EXTI_IRQHandler  stm32f7xx_hal_gpio.o
    0x08001d94   0x08001d94   0x00000248   Code   RO         2099    i.HAL_GPIO_Init     stm32f7xx_hal_gpio.o
    0x08001fdc   0x08001fdc   0x0000000a   Code   RO         2101    i.HAL_GPIO_ReadPin  stm32f7xx_hal_gpio.o
    0x08001fe6   0x08001fe6   0x00000010   Code   RO         2102    i.HAL_GPIO_TogglePin  stm32f7xx_hal_gpio.o
    0x08001ff6   0x08001ff6   0x0000000a   Code   RO         2103    i.HAL_GPIO_WritePin  stm32f7xx_hal_gpio.o
    0x08002000   0x08002000   0x0000000c   Code   RO         2542    i.HAL_GetTick       stm32f7xx_hal.o
    0x0800200c   0x0800200c   0x00000058   Code   RO         1710    i.HAL_I2CEx_ConfigAnalogFilter  stm32f7xx_hal_i2c_ex.o
    0x08002064   0x08002064   0x00000054   Code   RO         1711    i.HAL_I2CEx_ConfigDigitalFilter  stm32f7xx_hal_i2c_ex.o
    0x080020b8   0x080020b8   0x000000c0   Code   RO         1249    i.HAL_I2C_Init      stm32f7xx_hal_i2c.o
    0x08002178   0x08002178   0x00000164   Code   RO         1267    i.HAL_I2C_Mem_Read  stm32f7xx_hal_i2c.o
    0x080022dc   0x080022dc   0x00000158   Code   RO         1270    i.HAL_I2C_Mem_Write  stm32f7xx_hal_i2c.o
    0x08002434   0x08002434   0x00000088   Code   RO          903    i.HAL_I2C_MspInit   i2c.o
    0x080024bc   0x080024bc   0x00000010   Code   RO         2548    i.HAL_IncTick       stm32f7xx_hal.o
    0x080024cc   0x080024cc   0x00000016   Code   RO         2549    i.HAL_Init          stm32f7xx_hal.o
    0x080024e2   0x080024e2   0x00000002   PAD
    0x080024e4   0x080024e4   0x00000040   Code   RO         2550    i.HAL_InitTick      stm32f7xx_hal.o
    0x08002524   0x08002524   0x0000005c   Code   RO         1091    i.HAL_MPU_ConfigRegion  stm32f7xx_hal_cortex.o
    0x08002580   0x08002580   0x0000001c   Code   RO         1092    i.HAL_MPU_Disable   stm32f7xx_hal_cortex.o
    0x0800259c   0x0800259c   0x00000024   Code   RO         1094    i.HAL_MPU_Enable    stm32f7xx_hal_cortex.o
    0x080025c0   0x080025c0   0x00000030   Code   RO         1067    i.HAL_MspInit       stm32f7xx_hal_msp.o
    0x080025f0   0x080025f0   0x0000001a   Code   RO         1098    i.HAL_NVIC_EnableIRQ  stm32f7xx_hal_cortex.o
    0x0800260a   0x0800260a   0x00000002   PAD
    0x0800260c   0x0800260c   0x00000040   Code   RO         1104    i.HAL_NVIC_SetPriority  stm32f7xx_hal_cortex.o
    0x0800264c   0x0800264c   0x00000024   Code   RO         1105    i.HAL_NVIC_SetPriorityGrouping  stm32f7xx_hal_cortex.o
    0x08002670   0x08002670   0x0000006c   Code   RO         2439    i.HAL_PWREx_EnableOverDrive  stm32f7xx_hal_pwr_ex.o
    0x080026dc   0x080026dc   0x00000040   Code   RO         2323    i.HAL_PWR_EnterSTOPMode  stm32f7xx_hal_pwr.o
    0x0800271c   0x0800271c   0x0000053c   Code   RO         1860    i.HAL_RCCEx_PeriphCLKConfig  stm32f7xx_hal_rcc_ex.o
    0x08002c58   0x08002c58   0x00000130   Code   RO         1753    i.HAL_RCC_ClockConfig  stm32f7xx_hal_rcc.o
    0x08002d88   0x08002d88   0x00000020   Code   RO         1760    i.HAL_RCC_GetPCLK1Freq  stm32f7xx_hal_rcc.o
    0x08002da8   0x08002da8   0x00000020   Code   RO         1761    i.HAL_RCC_GetPCLK2Freq  stm32f7xx_hal_rcc.o
    0x08002dc8   0x08002dc8   0x00000060   Code   RO         1762    i.HAL_RCC_GetSysClockFreq  stm32f7xx_hal_rcc.o
    0x08002e28   0x08002e28   0x00000398   Code   RO         1765    i.HAL_RCC_OscConfig  stm32f7xx_hal_rcc.o
    0x080031c0   0x080031c0   0x0000000e   Code   RO         2553    i.HAL_ResumeTick    stm32f7xx_hal.o
    0x080031ce   0x080031ce   0x00000026   Code   RO         1109    i.HAL_SYSTICK_Config  stm32f7xx_hal_cortex.o
    0x080031f4   0x080031f4   0x0000000e   Code   RO         2555    i.HAL_SuspendTick   stm32f7xx_hal.o
    0x08003202   0x08003202   0x00000066   Code   RO         2837    i.HAL_UART_Init     stm32f7xx_hal_uart.o
    0x08003268   0x08003268   0x00000084   Code   RO          945    i.HAL_UART_MspInit  usart.o
    0x080032ec   0x080032ec   0x000000e8   Code   RO         2840    i.HAL_UART_Receive  stm32f7xx_hal_uart.o
    0x080033d4   0x080033d4   0x000000a6   Code   RO         2846    i.HAL_UART_Transmit  stm32f7xx_hal_uart.o
    0x0800347a   0x0800347a   0x00000002   PAD
    0x0800347c   0x0800347c   0x0000004c   Code   RO          732    i.HM19_ConfigureAsSlaveWithName  main.o
    0x080034c8   0x080034c8   0x0000003c   Code   RO          733    i.HM19_SendATCommand  main.o
    0x08003504   0x08003504   0x00000002   Code   RO          989    i.HardFault_Handler  stm32f7xx_it.o
    0x08003506   0x08003506   0x00000022   Code   RO         1296    i.I2C_Flush_TXDR    stm32f7xx_hal_i2c.o
    0x08003528   0x08003528   0x00000110   Code   RO         1304    i.I2C_IsErrorOccurred  stm32f7xx_hal_i2c.o
    0x08003638   0x08003638   0x00000064   Code   RO         1309    i.I2C_RequestMemoryRead  stm32f7xx_hal_i2c.o
    0x0800369c   0x0800369c   0x00000064   Code   RO         1310    i.I2C_RequestMemoryWrite  stm32f7xx_hal_i2c.o
    0x08003700   0x08003700   0x00000030   Code   RO         1313    i.I2C_TransferConfig  stm32f7xx_hal_i2c.o
    0x08003730   0x08003730   0x0000007c   Code   RO         1315    i.I2C_WaitOnFlagUntilTimeout  stm32f7xx_hal_i2c.o
    0x080037ac   0x080037ac   0x00000058   Code   RO         1317    i.I2C_WaitOnSTOPFlagUntilTimeout  stm32f7xx_hal_i2c.o
    0x08003804   0x08003804   0x0000005c   Code   RO         1318    i.I2C_WaitOnTXISFlagUntilTimeout  stm32f7xx_hal_i2c.o
    0x08003860   0x08003860   0x0000008c   Code   RO          734    i.IcmConfig         main.o
    0x080038ec   0x080038ec   0x000000a0   Code   RO          735    i.IcmInit           main.o
    0x0800398c   0x0800398c   0x00000094   Code   RO          736    i.IcmRead           main.o
    0x08003a20   0x08003a20   0x00000094   Code   RO          737    i.IcmWrite          main.o
    0x08003ab4   0x08003ab4   0x0000001a   Code   RO          738    i.IsIcmRawDataRdy   main.o
    0x08003ace   0x08003ace   0x00000002   PAD
    0x08003ad0   0x08003ad0   0x00000040   Code   RO          739    i.Led_Blink         main.o
    0x08003b10   0x08003b10   0x000000e0   Code   RO          878    i.MX_GPIO_Init      gpio.o
    0x08003bf0   0x08003bf0   0x00000058   Code   RO          904    i.MX_I2C1_Init      i2c.o
    0x08003c48   0x08003c48   0x0000003c   Code   RO          946    i.MX_USART2_UART_Init  usart.o
    0x08003c84   0x08003c84   0x00000002   Code   RO          990    i.MemManage_Handler  stm32f7xx_it.o
    0x08003c86   0x08003c86   0x00000002   Code   RO          991    i.NMI_Handler       stm32f7xx_it.o
    0x08003c88   0x08003c88   0x00000002   Code   RO          992    i.PendSV_Handler    stm32f7xx_it.o
    0x08003c8a   0x08003c8a   0x00000002   PAD
    0x08003c8c   0x08003c8c   0x00000034   Code   RO          740    i.PowerButton_HeldFor  main.o
    0x08003cc0   0x08003cc0   0x00000050   Code   RO          741    i.PowerManager_SleepUntilLongPress  main.o
    0x08003d10   0x08003d10   0x00000002   Code   RO          993    i.SVC_Handler       stm32f7xx_it.o
    0x08003d12   0x08003d12   0x00000004   Code   RO          994    i.SysTick_Handler   stm32f7xx_it.o
    0x08003d16   0x08003d16   0x00000002   PAD
    0x08003d18   0x08003d18   0x000000a0   Code   RO          742    i.SystemClock_Config  main.o
    0x08003db8   0x08003db8   0x00000010   Code   RO         3290    i.SystemInit        system_stm32f7xx.o
    0x08003dc8   0x08003dc8   0x0000007c   Code   RO          743    i.System_PowerOn    main.o
    0x08003e44   0x08003e44   0x000000c8   Code   RO         2851    i.UART_AdvFeatureConfig  stm32f7xx_hal_uart.o
    0x08003f0c   0x08003f0c   0x000000a6   Code   RO         2852    i.UART_CheckIdleState  stm32f7xx_hal_uart.o
    0x08003fb2   0x08003fb2   0x0000004c   Code   RO         2863    i.UART_EndRxTransfer  stm32f7xx_hal_uart.o
    0x08003ffe   0x08003ffe   0x00000002   PAD
    0x08004000   0x08004000   0x00000230   Code   RO         2867    i.UART_SetConfig    stm32f7xx_hal_uart.o
    0x08004230   0x08004230   0x00000094   Code   RO         2872    i.UART_WaitOnFlagUntilTimeout  stm32f7xx_hal_uart.o
    0x080042c4   0x080042c4   0x00000002   Code   RO          995    i.UsageFault_Handler  stm32f7xx_it.o
    0x080042c6   0x080042c6   0x00000030   Code   RO         5492    i.__ARM_fpclassify  m_wv.l(fpclassify.o)
    0x080042f6   0x080042f6   0x00000026   Code   RO         5367    i.__ARM_fpclassifyf  m_wv.l(fpclassifyf.o)
    0x0800431c   0x0800431c   0x00000022   Code   RO         1111    i.__NVIC_SetPriority  stm32f7xx_hal_cortex.o
    0x0800433e   0x0800433e   0x00000002   PAD
    0x08004340   0x08004340   0x00000134   Code   RO         3745    i.__ai_math_dot_array  NetworkRuntime1020_CM7_Keil.lib(layers_rnn_generic_float.o)
    0x08004474   0x08004474   0x00000134   Code   RO         4105    i.__ai_math_dot_array  NetworkRuntime1020_CM7_Keil.lib(lite_dense_if32.o)
    0x080045a8   0x080045a8   0x000001f4   Code   RO         5126    i.__hardfp_expf     m_wv.l(expf.o)
    0x0800479c   0x0800479c   0x000000ec   Code   RO         5234    i.__hardfp_tanhf    m_wv.l(tanhf.o)
    0x08004888   0x08004888   0x00000006   Code   RO         5370    i.__mathlib_flt_infnan  m_wv.l(funder.o)
    0x0800488e   0x0800488e   0x00000002   PAD
    0x08004890   0x08004890   0x00000010   Code   RO         5373    i.__mathlib_flt_overflow  m_wv.l(funder.o)
    0x080048a0   0x080048a0   0x00000010   Code   RO         5375    i.__mathlib_flt_underflow  m_wv.l(funder.o)
    0x080048b0   0x080048b0   0x00000012   Code   RO         3953    i._ai_forward_layer  NetworkRuntime1020_CM7_Keil.lib(layers.o)
    0x080048c2   0x080048c2   0x00000002   PAD
    0x080048c4   0x080048c4   0x000000e0   Code   RO         3341    i._ai_platform_get_io_buffers_info  NetworkRuntime1020_CM7_Keil.lib(ai_platform_interface.o)
    0x080049a4   0x080049a4   0x0000007e   Code   RO         4025    i._final_pooling_buffer_reorder  NetworkRuntime1020_CM7_Keil.lib(forward_lite_conv2d_if32of32wf32.o)
    0x08004a22   0x08004a22   0x00000002   PAD
    0x08004a24   0x08004a24   0x00000038   Code   RO         3549    i._forward_lite_nl_relu_thresholded_if32of32  NetworkRuntime1020_CM7_Keil.lib(layers_nl_generic_float.o)
    0x08004a5c   0x08004a5c   0x00000022   Code   RO         3873    i._get_lut_size     NetworkRuntime1020_CM7_Keil.lib(ai_datatypes_format.o)
    0x08004a7e   0x08004a7e   0x0000000e   Code   RO         4971    i._is_digit         c_w.l(__printf_wp.o)
    0x08004a8c   0x08004a8c   0x0000012c   Code   RO         4106    i._lite_dict4_dot_array_f32  NetworkRuntime1020_CM7_Keil.lib(lite_dense_if32.o)
    0x08004bb8   0x08004bb8   0x00000104   Code   RO         4107    i._lite_dict8_dot_array_f32  NetworkRuntime1020_CM7_Keil.lib(lite_dense_if32.o)
    0x08004cbc   0x08004cbc   0x00000334   Code   RO         3748    i._lstm_cell        NetworkRuntime1020_CM7_Keil.lib(layers_rnn_generic_float.o)
    0x08004ff0   0x08004ff0   0x0000004a   Code   RO         3342    i._platform_ai_buffer_array_copy  NetworkRuntime1020_CM7_Keil.lib(ai_platform_interface.o)
    0x0800503a   0x0800503a   0x00000002   PAD
    0x0800503c   0x0800503c   0x00000050   Code   RO         3343    i._platform_get_table_map_from_buffer  NetworkRuntime1020_CM7_Keil.lib(ai_platform_interface.o)
    0x0800508c   0x0800508c   0x00000044   Code   RO         3344    i._platform_get_table_map_from_buffer_array  NetworkRuntime1020_CM7_Keil.lib(ai_platform_interface.o)
    0x080050d0   0x080050d0   0x00000014   Code   RO         3345    i._platform_network_buffers_signature_valid  NetworkRuntime1020_CM7_Keil.lib(ai_platform_interface.o)
    0x080050e4   0x080050e4   0x00000210   Code   RO         3346    i._platform_network_io_bind  NetworkRuntime1020_CM7_Keil.lib(ai_platform_interface.o)
    0x080052f4   0x080052f4   0x0000003e   Code   RO         3347    i._platform_network_state_setup  NetworkRuntime1020_CM7_Keil.lib(ai_platform_interface.o)
    0x08005332   0x08005332   0x0000006a   Code   RO         3348    i._platform_network_state_update_input  NetworkRuntime1020_CM7_Keil.lib(ai_platform_interface.o)
    0x0800539c   0x0800539c   0x00000080   Code   RO         3349    i._platform_network_state_update_output  NetworkRuntime1020_CM7_Keil.lib(ai_platform_interface.o)
    0x0800541c   0x0800541c   0x00000028   Code   RO         3878    i.ai_array_get_byte_size  NetworkRuntime1020_CM7_Keil.lib(ai_datatypes_format.o)
    0x08005444   0x08005444   0x0000001e   Code   RO         3879    i.ai_array_get_data_byte_size  NetworkRuntime1020_CM7_Keil.lib(ai_datatypes_format.o)
    0x08005462   0x08005462   0x00000002   PAD
    0x08005464   0x08005464   0x00000130   Code   RO         3881    i.ai_array_to_buffer_fmt  NetworkRuntime1020_CM7_Keil.lib(ai_datatypes_format.o)
    0x08005594   0x08005594   0x00000012   Code   RO         3328    i.ai_buffer_array_sane  NetworkRuntime1020_CM7_Keil.lib(ai_platform.o)
    0x080055a6   0x080055a6   0x00000002   PAD
    0x080055a8   0x080055a8   0x00000068   Code   RO         3330    i.ai_buffer_get_size  NetworkRuntime1020_CM7_Keil.lib(ai_platform.o)
    0x08005610   0x08005610   0x0000002c   Code   RO         3955    i.ai_check_custom_types  NetworkRuntime1020_CM7_Keil.lib(layers.o)
    0x0800563c   0x0800563c   0x00000050   Code   RO         3959    i.ai_layers_forward_all  NetworkRuntime1020_CM7_Keil.lib(layers.o)
    0x0800568c   0x0800568c   0x0000001e   Code   RO         3960    i.ai_layers_init_all  NetworkRuntime1020_CM7_Keil.lib(layers.o)
    0x080056aa   0x080056aa   0x00000036   Code   RO         3961    i.ai_layers_post_init_all  NetworkRuntime1020_CM7_Keil.lib(layers.o)
    0x080056e0   0x080056e0   0x00000018   Code   RO           10    i.ai_network_create  network.o
    0x080056f8   0x080056f8   0x00000038   Code   RO          480    i.ai_network_data_activations_buffer_get  network_data.o
    0x08005730   0x08005730   0x00000038   Code   RO          482    i.ai_network_data_weights_buffer_get  network_data.o
    0x08005768   0x08005768   0x00000008   Code   RO          483    i.ai_network_data_weights_get  network_data.o
    0x08005770   0x08005770   0x00000030   Code   RO           17    i.ai_network_init   network.o
    0x080057a0   0x080057a0   0x00000014   Code   RO           18    i.ai_network_inputs_get  network.o
    0x080057b4   0x080057b4   0x00000014   Code   RO           19    i.ai_network_outputs_get  network.o
    0x080057c8   0x080057c8   0x00000004   Code   RO           20    i.ai_network_run    network.o
    0x080057cc   0x080057cc   0x00000014   Code   RO         3354    i.ai_platform_context_acquire  NetworkRuntime1020_CM7_Keil.lib(ai_platform_interface.o)
    0x080057e0   0x080057e0   0x0000002c   Code   RO         3356    i.ai_platform_get_activations_map  NetworkRuntime1020_CM7_Keil.lib(ai_platform_interface.o)
    0x0800580c   0x0800580c   0x00000028   Code   RO         3357    i.ai_platform_get_weights_map  NetworkRuntime1020_CM7_Keil.lib(ai_platform_interface.o)
    0x08005834   0x08005834   0x00000042   Code   RO         3358    i.ai_platform_inputs_get  NetworkRuntime1020_CM7_Keil.lib(ai_platform_interface.o)
    0x08005876   0x08005876   0x00000002   PAD
    0x08005878   0x08005878   0x0000009c   Code   RO         3360    i.ai_platform_network_create  NetworkRuntime1020_CM7_Keil.lib(ai_platform_interface.o)
    0x08005914   0x08005914   0x00000118   Code   RO         3363    i.ai_platform_network_init  NetworkRuntime1020_CM7_Keil.lib(ai_platform_interface.o)
    0x08005a2c   0x08005a2c   0x00000050   Code   RO         3364    i.ai_platform_network_post_init  NetworkRuntime1020_CM7_Keil.lib(ai_platform_interface.o)
    0x08005a7c   0x08005a7c   0x00000054   Code   RO         3365    i.ai_platform_network_process  NetworkRuntime1020_CM7_Keil.lib(ai_platform_interface.o)
    0x08005ad0   0x08005ad0   0x0000000c   Code   RO         3366    i.ai_platform_network_set_error  NetworkRuntime1020_CM7_Keil.lib(ai_platform_interface.o)
    0x08005adc   0x08005adc   0x00000048   Code   RO         3372    i.ai_platform_outputs_get  NetworkRuntime1020_CM7_Keil.lib(ai_platform_interface.o)
    0x08005b24   0x08005b24   0x0000001a   Code   RO         3550    i.ai_shape_get_size  NetworkRuntime1020_CM7_Keil.lib(layers_nl_generic_float.o)
    0x08005b3e   0x08005b3e   0x0000000c   Code   RO         3903    i.ai_version_get    NetworkRuntime1020_CM7_Keil.lib(ai_datatypes_internal.o)
    0x08005b4a   0x08005b4a   0x00000014   Code   RO         3749    i.array_f32_identity  NetworkRuntime1020_CM7_Keil.lib(layers_rnn_generic_float.o)
    0x08005b5e   0x08005b5e   0x00000004   Code   RO         3914    i.core_init         NetworkRuntime1020_CM7_Keil.lib(core_common.o)
    0x08005b62   0x08005b62   0x00000012   Code   RO         3416    i.core_nl_get_params_byte_size  NetworkRuntime1020_CM7_Keil.lib(layers_conv2d_generic_float.o)
    0x08005b74   0x08005b74   0x00000012   Code   RO         3417    i.core_nl_get_params_ptr  NetworkRuntime1020_CM7_Keil.lib(layers_conv2d_generic_float.o)
    0x08005b86   0x08005b86   0x00000012   Code   RO         3418    i.core_nl_get_params_stride  NetworkRuntime1020_CM7_Keil.lib(layers_conv2d_generic_float.o)
    0x08005b98   0x08005b98   0x0000001a   Code   RO         3915    i.core_set_error    NetworkRuntime1020_CM7_Keil.lib(core_common.o)
    0x08005bb2   0x08005bb2   0x00000176   Code   RO         3734    i.forward_ap        NetworkRuntime1020_CM7_Keil.lib(layers_pool_generic_float.o)
    0x08005d28   0x08005d28   0x00000494   Code   RO         3463    i.forward_concat    NetworkRuntime1020_CM7_Keil.lib(layers_generic_float.o)
    0x080061bc   0x080061bc   0x00000200   Code   RO         3419    i.forward_conv2d_if32of32wf32  NetworkRuntime1020_CM7_Keil.lib(layers_conv2d_generic_float.o)
    0x080063bc   0x080063bc   0x000002ce   Code   RO         3422    i.forward_conv2d_if32of32wf32_nl_pool  NetworkRuntime1020_CM7_Keil.lib(layers_conv2d_generic_float.o)
    0x0800668a   0x0800668a   0x00000002   PAD
    0x0800668c   0x0800668c   0x00000158   Code   RO         3423    i.forward_dense     NetworkRuntime1020_CM7_Keil.lib(layers_conv2d_generic_float.o)
    0x080067e4   0x080067e4   0x00000158   Code   RO         4026    i.forward_lite_conv2d_if32of32wf32  NetworkRuntime1020_CM7_Keil.lib(forward_lite_conv2d_if32of32wf32.o)
    0x0800693c   0x0800693c   0x00000290   Code   RO         4029    i.forward_lite_conv2d_if32of32wf32_pool  NetworkRuntime1020_CM7_Keil.lib(forward_lite_conv2d_if32of32wf32.o)
    0x08006bcc   0x08006bcc   0x0000009c   Code   RO         4108    i.forward_lite_dense_if32of32wf32  NetworkRuntime1020_CM7_Keil.lib(lite_dense_if32.o)
    0x08006c68   0x08006c68   0x000000a8   Code   RO         4109    i.forward_lite_dense_if32of32wf32_lut4  NetworkRuntime1020_CM7_Keil.lib(lite_dense_if32.o)
    0x08006d10   0x08006d10   0x000000ac   Code   RO         4110    i.forward_lite_dense_if32of32wf32_lut8  NetworkRuntime1020_CM7_Keil.lib(lite_dense_if32.o)
    0x08006dbc   0x08006dbc   0x000000a4   Code   RO         4062    i.forward_lite_nl_relu_generic_if32of32_kernel  NetworkRuntime1020_CM7_Keil.lib(lite_nl_relu_if32of32.o)
    0x08006e60   0x08006e60   0x00000028   Code   RO         3809    i.forward_lite_nl_relu_if32of32  NetworkRuntime1020_CM7_Keil.lib(lite_nl_generic_float.o)
    0x08006e88   0x08006e88   0x00000056   Code   RO         3820    i.forward_lite_nl_softmax_if32of32  NetworkRuntime1020_CM7_Keil.lib(lite_nl_generic_float.o)
    0x08006ede   0x08006ede   0x00000002   PAD
    0x08006ee0   0x08006ee0   0x0000009c   Code   RO         4051    i.forward_lite_nl_softmax_if32of32_kernel  NetworkRuntime1020_CM7_Keil.lib(lite_nl_softmax_if32of32.o)
    0x08006f7c   0x08006f7c   0x000004d0   Code   RO         3753    i.forward_lstm      NetworkRuntime1020_CM7_Keil.lib(layers_rnn_generic_float.o)
    0x0800744c   0x0800744c   0x000000c4   Code   RO         3576    i.forward_relu      NetworkRuntime1020_CM7_Keil.lib(layers_nl_generic_float.o)
    0x08007510   0x08007510   0x0000008c   Code   RO         3585    i.forward_sm        NetworkRuntime1020_CM7_Keil.lib(layers_nl_generic_float.o)
    0x0800759c   0x0800759c   0x0000016e   Code   RO         4034    i.fw_lite_conv2d_kernel_simple_opt_f32  NetworkRuntime1020_CM7_Keil.lib(forward_lite_conv2d_if32of32wf32.o)
    0x0800770a   0x0800770a   0x00000002   PAD
    0x0800770c   0x0800770c   0x00000028   Code   RO         3904    i.get_tensor_byte_size  NetworkRuntime1020_CM7_Keil.lib(ai_datatypes_internal.o)
    0x08007734   0x08007734   0x0000007c   Code   RO         4111    i.lite_decompress_ilutof32  NetworkRuntime1020_CM7_Keil.lib(lite_dense_if32.o)
    0x080077b0   0x080077b0   0x000005f0   Code   RO          744    i.main              main.o
    0x08007da0   0x08007da0   0x000000e8   Code   RO           21    i.network_configure_activations  network.o
    0x08007e88   0x08007e88   0x000001c4   Code   RO           22    i.network_configure_weights  network.o
    0x0800804c   0x0800804c   0x00000048   Code   RO         3625    i.nl_func_sigmoid_array_f32  NetworkRuntime1020_CM7_Keil.lib(layers_nl_generic_float.o)
    0x08008094   0x08008094   0x00000030   Code   RO         3638    i.nl_func_tanh_array_f32  NetworkRuntime1020_CM7_Keil.lib(layers_nl_generic_float.o)
    0x080080c4   0x080080c4   0x0000007c   Code   RO         3736    i.pool_func_ap_kernel_array_f32  NetworkRuntime1020_CM7_Keil.lib(layers_pool_generic_float.o)
    0x08008140   0x08008140   0x000001a8   Code   RO         3778    i.pool_func_mp_array_f32  NetworkRuntime1020_CM7_Keil.lib(forward_lite_pool_f32.o)
    0x080082e8   0x080082e8   0x00000084   Code   RO         4697    i.st_int8_copy      NetworkRuntime1020_CM7_Keil.lib(st_int8_fill.o)
    0x0800836c   0x0800836c   0x0000005c   Code   RO         4698    i.st_int8_fill      NetworkRuntime1020_CM7_Keil.lib(st_int8_fill.o)
    0x080083c8   0x080083c8   0x0000002c   Code   RO         5479    locale$$code        c_w.l(lc_numeric_c.o)
    0x080083f4   0x080083f4   0x0000000a   Code   RO         5490    x$fpl$fpinit        fz_wv.l(fpinit.o)
    0x080083fe   0x080083fe   0x00000004   Code   RO         5010    x$fpl$printf1       fz_wv.l(printf1.o)
    0x08008402   0x08008402   0x00000000   Code   RO         5360    x$fpl$usenofp       fz_wv.l(usenofp.o)
    0x08008402   0x08008402   0x00000002   PAD
    0x08008404   0x08008404   0x00000008   Data   RO           29    .constdata          network.o
    0x0800840c   0x0800840c   0x00000008   Data   RO           30    .constdata          network.o
    0x08008414   0x08008414   0x00000008   Data   RO           31    .constdata          network.o
    0x0800841c   0x0800841c   0x00000008   Data   RO           32    .constdata          network.o
    0x08008424   0x08008424   0x00000008   Data   RO           33    .constdata          network.o
    0x0800842c   0x0800842c   0x00000008   Data   RO           34    .constdata          network.o
    0x08008434   0x08008434   0x00000008   Data   RO           35    .constdata          network.o
    0x0800843c   0x0800843c   0x00000008   Data   RO           36    .constdata          network.o
    0x08008444   0x08008444   0x00000008   Data   RO           37    .constdata          network.o
    0x0800844c   0x0800844c   0x00000008   Data   RO           38    .constdata          network.o
    0x08008454   0x08008454   0x00000008   Data   RO           39    .constdata          network.o
    0x0800845c   0x0800845c   0x00000068   Data   RO          484    .constdata          network_data.o
    0x080084c4   0x080084c4   0x0000001c   PAD
    0x080084e0   0x080084e0   0x00082410   Data   RO          534    .constdata          network_data_params.o
    0x0808a8f0   0x0808a8f0   0x00000010   Data   RO         3291    .constdata          system_stm32f7xx.o
    0x0808a900   0x0808a900   0x00000008   Data   RO         3292    .constdata          system_stm32f7xx.o
    0x0808a908   0x0808a908   0x00000068   Data   RO         3375    .constdata          NetworkRuntime1020_CM7_Keil.lib(ai_platform_interface.o)
    0x0808a970   0x0808a970   0x00000118   Data   RO         3759    .constdata          NetworkRuntime1020_CM7_Keil.lib(layers_rnn_generic_float.o)
    0x0808aa88   0x0808aa88   0x00000011   Data   RO         4974    .constdata          c_w.l(__printf_flags_wp.o)
    0x0808aa99   0x0808aa99   0x00000003   PAD
    0x0808aa9c   0x0808aa9c   0x00000030   Data   RO         5129    .constdata          m_wv.l(expf.o)
    0x0808aacc   0x0808aacc   0x00000094   Data   RO         5440    .constdata          c_w.l(bigflt0.o)
    0x0808ab60   0x0808ab60   0x00000020   Data   RO         5631    Region$$Table       anon$$obj.o
    0x0808ab80   0x0808ab80   0x0000001c   Data   RO         5478    locale$$data        c_w.l(lc_numeric_c.o)


    Execution Region RW_RAM (Exec base: 0x20000000, Load base: 0x0808ab9c, Size: 0x0002b590, Max: 0x00080000, ABSOLUTE, COMPRESSED[0x0000055c])

    Exec Addr    Load Addr    Size         Type   Attr      Idx    E Section Name        Object

    0x20000000   COMPRESSED   0x00000010   Data   RW           42    .data               network.o
    0x20000010   COMPRESSED   0x00000010   Data   RW           43    .data               network.o
    0x20000020   COMPRESSED   0x00000010   Data   RW           44    .data               network.o
    0x20000030   COMPRESSED   0x00000010   Data   RW           45    .data               network.o
    0x20000040   COMPRESSED   0x00000010   Data   RW           46    .data               network.o
    0x20000050   COMPRESSED   0x00000010   Data   RW           47    .data               network.o
    0x20000060   COMPRESSED   0x00000010   Data   RW           48    .data               network.o
    0x20000070   COMPRESSED   0x00000010   Data   RW           49    .data               network.o
    0x20000080   COMPRESSED   0x00000010   Data   RW           50    .data               network.o
    0x20000090   COMPRESSED   0x00000010   Data   RW           51    .data               network.o
    0x200000a0   COMPRESSED   0x00000010   Data   RW           52    .data               network.o
    0x200000b0   COMPRESSED   0x00000010   Data   RW           53    .data               network.o
    0x200000c0   COMPRESSED   0x00000010   Data   RW           54    .data               network.o
    0x200000d0   COMPRESSED   0x00000010   Data   RW           55    .data               network.o
    0x200000e0   COMPRESSED   0x00000010   Data   RW           56    .data               network.o
    0x200000f0   COMPRESSED   0x00000010   Data   RW           57    .data               network.o
    0x20000100   COMPRESSED   0x00000010   Data   RW           58    .data               network.o
    0x20000110   COMPRESSED   0x00000010   Data   RW           59    .data               network.o
    0x20000120   COMPRESSED   0x00000010   Data   RW           60    .data               network.o
    0x20000130   COMPRESSED   0x00000010   Data   RW           61    .data               network.o
    0x20000140   COMPRESSED   0x00000010   Data   RW           62    .data               network.o
    0x20000150   COMPRESSED   0x00000010   Data   RW           63    .data               network.o
    0x20000160   COMPRESSED   0x00000010   Data   RW           64    .data               network.o
    0x20000170   COMPRESSED   0x00000010   Data   RW           65    .data               network.o
    0x20000180   COMPRESSED   0x00000010   Data   RW           66    .data               network.o
    0x20000190   COMPRESSED   0x00000010   Data   RW           67    .data               network.o
    0x200001a0   COMPRESSED   0x00000010   Data   RW           68    .data               network.o
    0x200001b0   COMPRESSED   0x00000010   Data   RW           69    .data               network.o
    0x200001c0   COMPRESSED   0x00000010   Data   RW           70    .data               network.o
    0x200001d0   COMPRESSED   0x00000010   Data   RW           71    .data               network.o
    0x200001e0   COMPRESSED   0x00000010   Data   RW           72    .data               network.o
    0x200001f0   COMPRESSED   0x00000010   Data   RW           73    .data               network.o
    0x20000200   COMPRESSED   0x00000010   Data   RW           74    .data               network.o
    0x20000210   COMPRESSED   0x00000010   Data   RW           75    .data               network.o
    0x20000220   COMPRESSED   0x00000010   Data   RW           76    .data               network.o
    0x20000230   COMPRESSED   0x00000010   Data   RW           77    .data               network.o
    0x20000240   COMPRESSED   0x00000010   Data   RW           78    .data               network.o
    0x20000250   COMPRESSED   0x00000010   Data   RW           79    .data               network.o
    0x20000260   COMPRESSED   0x00000010   Data   RW           80    .data               network.o
    0x20000270   COMPRESSED   0x00000010   Data   RW           81    .data               network.o
    0x20000280   COMPRESSED   0x00000010   Data   RW           82    .data               network.o
    0x20000290   COMPRESSED   0x00000010   Data   RW           83    .data               network.o
    0x200002a0   COMPRESSED   0x00000010   Data   RW           84    .data               network.o
    0x200002b0   COMPRESSED   0x00000010   Data   RW           85    .data               network.o
    0x200002c0   COMPRESSED   0x00000010   Data   RW           86    .data               network.o
    0x200002d0   COMPRESSED   0x00000010   Data   RW           87    .data               network.o
    0x200002e0   COMPRESSED   0x00000010   Data   RW           88    .data               network.o
    0x200002f0   COMPRESSED   0x00000010   Data   RW           89    .data               network.o
    0x20000300   COMPRESSED   0x00000010   Data   RW           90    .data               network.o
    0x20000310   COMPRESSED   0x00000010   Data   RW           91    .data               network.o
    0x20000320   COMPRESSED   0x00000010   Data   RW           92    .data               network.o
    0x20000330   COMPRESSED   0x00000010   Data   RW           93    .data               network.o
    0x20000340   COMPRESSED   0x00000010   Data   RW           94    .data               network.o
    0x20000350   COMPRESSED   0x00000010   Data   RW           95    .data               network.o
    0x20000360   COMPRESSED   0x00000010   Data   RW           96    .data               network.o
    0x20000370   COMPRESSED   0x00000010   Data   RW           97    .data               network.o
    0x20000380   COMPRESSED   0x00000010   Data   RW           98    .data               network.o
    0x20000390   COMPRESSED   0x00000010   Data   RW           99    .data               network.o
    0x200003a0   COMPRESSED   0x00000010   Data   RW          100    .data               network.o
    0x200003b0   COMPRESSED   0x00000010   Data   RW          101    .data               network.o
    0x200003c0   COMPRESSED   0x00000010   Data   RW          102    .data               network.o
    0x200003d0   COMPRESSED   0x00000010   Data   RW          103    .data               network.o
    0x200003e0   COMPRESSED   0x00000010   Data   RW          104    .data               network.o
    0x200003f0   COMPRESSED   0x00000010   Data   RW          105    .data               network.o
    0x20000400   COMPRESSED   0x00000004   Data   RW          106    .data               network.o
    0x20000404   COMPRESSED   0x00000004   Data   RW          107    .data               network.o
    0x20000408   COMPRESSED   0x00000004   Data   RW          108    .data               network.o
    0x2000040c   COMPRESSED   0x00000004   Data   RW          109    .data               network.o
    0x20000410   COMPRESSED   0x00000030   Data   RW          110    .data               network.o
    0x20000440   COMPRESSED   0x00000004   Data   RW          111    .data               network.o
    0x20000444   COMPRESSED   0x00000004   Data   RW          112    .data               network.o
    0x20000448   COMPRESSED   0x00000008   Data   RW          113    .data               network.o
    0x20000450   COMPRESSED   0x00000004   Data   RW          114    .data               network.o
    0x20000454   COMPRESSED   0x00000030   Data   RW          115    .data               network.o
    0x20000484   COMPRESSED   0x00000004   Data   RW          116    .data               network.o
    0x20000488   COMPRESSED   0x00000004   Data   RW          117    .data               network.o
    0x2000048c   COMPRESSED   0x00000004   Data   RW          118    .data               network.o
    0x20000490   COMPRESSED   0x00000004   Data   RW          119    .data               network.o
    0x20000494   COMPRESSED   0x00000030   Data   RW          120    .data               network.o
    0x200004c4   COMPRESSED   0x00000004   Data   RW          121    .data               network.o
    0x200004c8   COMPRESSED   0x00000004   Data   RW          122    .data               network.o
    0x200004cc   COMPRESSED   0x00000008   Data   RW          123    .data               network.o
    0x200004d4   COMPRESSED   0x00000004   Data   RW          124    .data               network.o
    0x200004d8   COMPRESSED   0x00000030   Data   RW          125    .data               network.o
    0x20000508   COMPRESSED   0x00000004   Data   RW          126    .data               network.o
    0x2000050c   COMPRESSED   0x00000004   Data   RW          127    .data               network.o
    0x20000510   COMPRESSED   0x00000004   Data   RW          128    .data               network.o
    0x20000514   COMPRESSED   0x00000004   Data   RW          129    .data               network.o
    0x20000518   COMPRESSED   0x00000030   Data   RW          130    .data               network.o
    0x20000548   COMPRESSED   0x00000008   Data   RW          131    .data               network.o
    0x20000550   COMPRESSED   0x00000004   Data   RW          132    .data               network.o
    0x20000554   COMPRESSED   0x00000004   Data   RW          133    .data               network.o
    0x20000558   COMPRESSED   0x00000004   Data   RW          134    .data               network.o
    0x2000055c   COMPRESSED   0x00000030   Data   RW          135    .data               network.o
    0x2000058c   COMPRESSED   0x00000004   Data   RW          136    .data               network.o
    0x20000590   COMPRESSED   0x00000004   Data   RW          137    .data               network.o
    0x20000594   COMPRESSED   0x00000024   Data   RW          138    .data               network.o
    0x200005b8   COMPRESSED   0x00000004   Data   RW          139    .data               network.o
    0x200005bc   COMPRESSED   0x00000030   Data   RW          140    .data               network.o
    0x200005ec   COMPRESSED   0x00000004   Data   RW          141    .data               network.o
    0x200005f0   COMPRESSED   0x00000004   Data   RW          142    .data               network.o
    0x200005f4   COMPRESSED   0x00000024   Data   RW          143    .data               network.o
    0x20000618   COMPRESSED   0x00000004   Data   RW          144    .data               network.o
    0x2000061c   COMPRESSED   0x00000030   Data   RW          145    .data               network.o
    0x2000064c   COMPRESSED   0x00000004   Data   RW          146    .data               network.o
    0x20000650   COMPRESSED   0x00000004   Data   RW          147    .data               network.o
    0x20000654   COMPRESSED   0x0000000c   Data   RW          148    .data               network.o
    0x20000660   COMPRESSED   0x00000008   Data   RW          149    .data               network.o
    0x20000668   COMPRESSED   0x00000030   Data   RW          150    .data               network.o
    0x20000698   COMPRESSED   0x00000010   Data   RW          151    .data               network.o
    0x200006a8   COMPRESSED   0x00000004   Data   RW          152    .data               network.o
    0x200006ac   COMPRESSED   0x00000004   Data   RW          153    .data               network.o
    0x200006b0   COMPRESSED   0x00000004   Data   RW          154    .data               network.o
    0x200006b4   COMPRESSED   0x00000004   Data   RW          155    .data               network.o
    0x200006b8   COMPRESSED   0x00000030   Data   RW          156    .data               network.o
    0x200006e8   COMPRESSED   0x00000004   Data   RW          157    .data               network.o
    0x200006ec   COMPRESSED   0x00000004   Data   RW          158    .data               network.o
    0x200006f0   COMPRESSED   0x0000000c   Data   RW          159    .data               network.o
    0x200006fc   COMPRESSED   0x00000008   Data   RW          160    .data               network.o
    0x20000704   COMPRESSED   0x00000030   Data   RW          161    .data               network.o
    0x20000734   COMPRESSED   0x00000010   Data   RW          162    .data               network.o
    0x20000744   COMPRESSED   0x00000010   Data   RW          163    .data               network.o
    0x20000754   COMPRESSED   0x0000001c   Data   RW          164    .data               network.o
    0x20000770   COMPRESSED   0x00000010   Data   RW          165    .data               network.o
    0x20000780   COMPRESSED   0x0000001c   Data   RW          166    .data               network.o
    0x2000079c   COMPRESSED   0x00000004   Data   RW          167    .data               network.o
    0x200007a0   COMPRESSED   0x00000008   Data   RW          168    .data               network.o
    0x200007a8   COMPRESSED   0x0000000c   Data   RW          169    .data               network.o
    0x200007b4   COMPRESSED   0x00000004   Data   RW          170    .data               network.o
    0x200007b8   COMPRESSED   0x00000008   Data   RW          171    .data               network.o
    0x200007c0   COMPRESSED   0x0000000c   Data   RW          172    .data               network.o
    0x200007cc   COMPRESSED   0x00000018   Data   RW          173    .data               network.o
    0x200007e4   COMPRESSED   0x00000254   Data   RW          174    .data               network.o
    0x20000a38   COMPRESSED   0x0000001c   Data   RW          175    .data               network.o
    0x20000a54   COMPRESSED   0x0000001c   Data   RW          176    .data               network.o
    0x20000a70   COMPRESSED   0x0000001c   Data   RW          177    .data               network.o
    0x20000a8c   COMPRESSED   0x0000001c   Data   RW          178    .data               network.o
    0x20000aa8   COMPRESSED   0x0000001c   Data   RW          179    .data               network.o
    0x20000ac4   COMPRESSED   0x0000001c   Data   RW          180    .data               network.o
    0x20000ae0   COMPRESSED   0x0000001c   Data   RW          181    .data               network.o
    0x20000afc   COMPRESSED   0x0000001c   Data   RW          182    .data               network.o
    0x20000b18   COMPRESSED   0x0000001c   Data   RW          183    .data               network.o
    0x20000b34   COMPRESSED   0x0000001c   Data   RW          184    .data               network.o
    0x20000b50   COMPRESSED   0x0000001c   Data   RW          185    .data               network.o
    0x20000b6c   COMPRESSED   0x0000001c   Data   RW          186    .data               network.o
    0x20000b88   COMPRESSED   0x0000001c   Data   RW          187    .data               network.o
    0x20000ba4   COMPRESSED   0x0000001c   Data   RW          188    .data               network.o
    0x20000bc0   COMPRESSED   0x0000001c   Data   RW          189    .data               network.o
    0x20000bdc   COMPRESSED   0x0000001c   Data   RW          190    .data               network.o
    0x20000bf8   COMPRESSED   0x0000001c   Data   RW          191    .data               network.o
    0x20000c14   COMPRESSED   0x0000001c   Data   RW          192    .data               network.o
    0x20000c30   COMPRESSED   0x0000001c   Data   RW          193    .data               network.o
    0x20000c4c   COMPRESSED   0x0000001c   Data   RW          194    .data               network.o
    0x20000c68   COMPRESSED   0x0000001c   Data   RW          195    .data               network.o
    0x20000c84   COMPRESSED   0x0000001c   Data   RW          196    .data               network.o
    0x20000ca0   COMPRESSED   0x0000001c   Data   RW          197    .data               network.o
    0x20000cbc   COMPRESSED   0x0000001c   Data   RW          198    .data               network.o
    0x20000cd8   COMPRESSED   0x0000001c   Data   RW          199    .data               network.o
    0x20000cf4   COMPRESSED   0x0000001c   Data   RW          200    .data               network.o
    0x20000d10   COMPRESSED   0x0000001c   Data   RW          201    .data               network.o
    0x20000d2c   COMPRESSED   0x0000001c   Data   RW          202    .data               network.o
    0x20000d48   COMPRESSED   0x0000001c   Data   RW          203    .data               network.o
    0x20000d64   COMPRESSED   0x0000001c   Data   RW          204    .data               network.o
    0x20000d80   COMPRESSED   0x0000001c   Data   RW          205    .data               network.o
    0x20000d9c   COMPRESSED   0x0000001c   Data   RW          206    .data               network.o
    0x20000db8   COMPRESSED   0x00000024   Data   RW          207    .data               network.o
    0x20000ddc   COMPRESSED   0x0000001c   Data   RW          208    .data               network.o
    0x20000df8   COMPRESSED   0x00000020   Data   RW          209    .data               network.o
    0x20000e18   COMPRESSED   0x0000001c   Data   RW          210    .data               network.o
    0x20000e34   COMPRESSED   0x00000038   Data   RW          211    .data               network.o
    0x20000e6c   COMPRESSED   0x00000020   Data   RW          212    .data               network.o
    0x20000e8c   COMPRESSED   0x00000044   Data   RW          213    .data               network.o
    0x20000ed0   COMPRESSED   0x00000044   Data   RW          214    .data               network.o
    0x20000f14   COMPRESSED   0x00000060   Data   RW          215    .data               network.o
    0x20000f74   COMPRESSED   0x00000020   Data   RW          216    .data               network.o
    0x20000f94   COMPRESSED   0x00000044   Data   RW          217    .data               network.o
    0x20000fd8   COMPRESSED   0x00000010   Data   RW          485    .data               network_data.o
    0x20000fe8   COMPRESSED   0x00000010   Data   RW          486    .data               network_data.o
    0x20000ff8   COMPRESSED   0x0000001c   Data   RW          487    .data               network_data.o
    0x20001014   COMPRESSED   0x0000001c   Data   RW          488    .data               network_data.o
    0x20001030   COMPRESSED   0x0000000c   Data   RW          536    .data               network_data_params.o
    0x2000103c   COMPRESSED   0x00000010   Data   RW          747    .data               main.o
    0x2000104c   COMPRESSED   0x0000000c   Data   RW         2556    .data               stm32f7xx_hal.o
    0x20001058   COMPRESSED   0x00000004   Data   RW         3293    .data               system_stm32f7xx.o
    0x2000105c        -       0x00000010   Zero   RW           23    .bss                network.o
    0x2000106c        -       0x00000010   Zero   RW           24    .bss                network.o
    0x2000107c        -       0x0000001c   Zero   RW           25    .bss                network.o
    0x20001098        -       0x00000010   Zero   RW           26    .bss                network.o
    0x200010a8        -       0x0000001c   Zero   RW           27    .bss                network.o
    0x200010c4        -       0x00000010   Zero   RW           28    .bss                network.o
    0x200010d4        -       0x0002937c   Zero   RW          745    .bss                main.o
    0x2002a450        -       0x00000054   Zero   RW          905    .bss                i2c.o
    0x2002a4a4        -       0x00000088   Zero   RW          947    .bss                usart.o
    0x2002a52c        -       0x00000060   Zero   RW         5396    .bss                c_w.l(libspace.o)
    0x2002a58c   COMPRESSED   0x00000004   PAD
    0x2002a590        -       0x00000800   Zero   RW            2    HEAP                startup_stm32f767xx.o
    0x2002ad90        -       0x00000800   Zero   RW            1    STACK               startup_stm32f767xx.o


==============================================================================

Image component sizes


      Code (inc. data)   RO Data    RW Data    ZI Data      Debug   Object Name

         0          0          0          0          0     845876   app_x-cube-ai.o
       224         14          0          0          0       1071   gpio.o
       224         26          0          0         84       1857   i2c.o
      3342        614          0         16     168828      66198   main.o
       800         90         88       4056        120      68269   network.o
       120         12        104         88          0      17264   network_data.o
         0          0     533520         12          0      15290   network_data_params.o
        64         26        504          0       4096        868   startup_stm32f767xx.o
       178         24          0         12          0      10488   stm32f7xx_hal.o
       354         28          0          0          0      41433   stm32f7xx_hal_cortex.o
       646         60          0          0          0       4916   stm32f7xx_hal_gpio.o
      1750         38          0          0          0      12662   stm32f7xx_hal_i2c.o
       172          0          0          0          0       2039   stm32f7xx_hal_i2c_ex.o
        48          6          0          0          0        902   stm32f7xx_hal_msp.o
        64          8          0          0          0        732   stm32f7xx_hal_pwr.o
       108          8          0          0          0       1316   stm32f7xx_hal_pwr_ex.o
      1384         66          0          0          0       5352   stm32f7xx_hal_rcc.o
      1340         22          0          0          0       2376   stm32f7xx_hal_rcc_ex.o
      1650         64          0          0          0       8560   stm32f7xx_hal_uart.o
        26          0          0          0          0       4887   stm32f7xx_it.o
        16          4         24          4          0       1199   system_stm32f7xx.o
       192         20          0          0        136       1886   usart.o

    ----------------------------------------------------------------------
     12722       1130     534300       4188     173264    1115441   Object Totals
         0          0         32          0          0          0   (incl. Generated)
        20          0         28          0          0          0   (incl. Padding)

    ----------------------------------------------------------------------

      Code (inc. data)   RO Data    RW Data    ZI Data      Debug   Library Member Name

       408         54          0          0          0        488   ai_datatypes_format.o
        52          6          0          0          0        244   ai_datatypes_internal.o
       122          8          0          0          0        240   ai_platform.o
      2144         62        104          0          0       2512   ai_platform_interface.o
        30          0          0          0          0        232   core_common.o
      1492         12          0          0          0        608   forward_lite_conv2d_if32of32wf32.o
       424          4          0          0          0        148   forward_lite_pool_f32.o
       226          6          0          0          0        628   layers.o
      1628          6          0          0          0        784   layers_conv2d_generic_float.o
      1172         10          0          0          0        184   layers_generic_float.o
       538          8          0          0          0        784   layers_nl_generic_float.o
       498          0          0          0          0        276   layers_pool_generic_float.o
      2380         22        280          0          0        540   layers_rnn_generic_float.o
      1488         24          0          0          0        996   lite_dense_if32.o
       126          4          0          0          0        256   lite_nl_generic_float.o
       164          4          0          0          0        124   lite_nl_relu_if32of32.o
       156          6          0          0          0        152   lite_nl_softmax_if32of32.o
       224          0          0          0          0        256   st_int8_fill.o
        90          0          0          0          0          0   __dczerorl2.o
         8          0          0          0          0         68   __main.o
       312          4         17          0          0         92   __printf_flags_wp.o
        14          0          0          0          0         68   __printf_wp.o
         0          0          0          0          0          0   __rtentry.o
        12          0          0          0          0          0   __rtentry2.o
         6          0          0          0          0          0   __rtentry4.o
        52          8          0          0          0          0   __scatter.o
        28          0          0          0          0          0   __scatter_zi.o
        48          6          0          0          0         96   _printf_char_common.o
         6          0          0          0          0          0   _printf_d.o
       120         16          0          0          0         92   _printf_dec.o
         6          0          0          0          0          0   _printf_f.o
      1054          0          0          0          0        216   _printf_fp_dec.o
       128         16          0          0          0         84   _printf_fp_infnan.o
       178          0          0          0          0         88   _printf_intcommon.o
         0          0          0          0          0          0   _printf_percent.o
         4          0          0          0          0          0   _printf_percent_end.o
        22          0          0          0          0        100   _rserrno.o
        10          0          0          0          0         68   _sputc.o
       228          4        148          0          0         96   bigflt0.o
      1936        128          0          0          0        672   btod.o
        10          0          0          0          0         68   defsig_exit.o
        50          0          0          0          0         88   defsig_general.o
        80         58          0          0          0         76   defsig_rtmem_inner.o
        14          0          0          0          0         80   defsig_rtmem_outer.o
        18          0          0          0          0         80   exit.o
        94          0          0          0          0         80   h1_alloc.o
        52          0          0          0          0         68   h1_extend.o
        78          0          0          0          0         80   h1_free.o
        14          0          0          0          0         84   h1_init.o
         6          0          0          0          0        152   heapauxi.o
         4          0          0          0          0        136   hguard.o
         0          0          0          0          0          0   indicate_semi.o
       138          0          0          0          0        168   init_alloc.o
        44         10         28          0          0         76   lc_numeric_c.o
         2          0          0          0          0          0   libinit.o
        30          0          0          0          0          0   libinit2.o
         2          0          0          0          0          0   libshutdown.o
         2          0          0          0          0          0   libshutdown2.o
         8          4          0          0         96         68   libspace.o
       138          0          0          0          0         80   lludiv10.o
       238          0          0          0          0        100   lludivv7m.o
         0          0          0          0          0          0   maybetermalloc1.o
        88          0          0          0          0         76   memcmp.o
        40          6          0          0          0         84   noretval__2sprintf.o
         8          4          0          0          0         68   rt_errno_addr_intlibspace.o
         8          4          0          0          0         68   rt_heap_descriptor_intlibspace.o
         8          4          0          0          0         68   rt_locale_intlibspace.o
        68          0          0          0          0         68   rt_memclr.o
        78          0          0          0          0         80   rt_memclr_w.o
       138          0          0          0          0         68   rt_memcpy_v6.o
       100          0          0          0          0         80   rt_memcpy_w.o
       132          0          0          0          0         68   rt_memmove_v6.o
       122          0          0          0          0         80   rt_memmove_w.o
         2          0          0          0          0          0   rtexit.o
        10          0          0          0          0          0   rtexit2.o
       104          0          0          0          0         68   strcmpv7m_pel.o
        62          0          0          0          0         76   strlen.o
        36          0          0          0          0         80   strstr.o
        12          4          0          0          0         68   sys_exit.o
        74          0          0          0          0         80   sys_stackheap_outer.o
        14          0          0          0          0         76   sys_wrch.o
         2          0          0          0          0         68   use_no_semi.o
        10          0          0          0          0        116   fpinit.o
         4          0          0          0          0        116   printf1.o
         0          0          0          0          0          0   usenofp.o
       500         74         48          0          0        236   expf.o
        48          0          0          0          0        124   fpclassify.o
        38          0          0          0          0        116   fpclassifyf.o
        38         12          0          0          0        348   funder.o
       236         28          0          0          0        152   tanhf.o

    ----------------------------------------------------------------------
     20570        626        628          0        100      15208   Library Totals
        34          0          3          0          4          0   (incl. Padding)

    ----------------------------------------------------------------------

      Code (inc. data)   RO Data    RW Data    ZI Data      Debug   Library Name

     13272        236        384          0          0       9452   NetworkRuntime1020_CM7_Keil.lib
      6390        276        193          0         96       4548   c_w.l
        14          0          0          0          0        232   fz_wv.l
       860        114         48          0          0        976   m_wv.l

    ----------------------------------------------------------------------
     20570        626        628          0        100      15208   Library Totals

    ----------------------------------------------------------------------

==============================================================================


      Code (inc. data)   RO Data    RW Data    ZI Data      Debug   

     33292       1756     534928       4188     173364    1111797   Grand Totals
     33292       1756     534928       1372     173364    1111797   ELF Image Totals (compressed)
     33292       1756     534928       1372          0          0   ROM Totals

==============================================================================

    Total RO  Size (Code + RO Data)               568220 ( 554.90kB)
    Total RW  Size (RW Data + ZI Data)            177552 ( 173.39kB)
    Total ROM Size (Code + RO Data + RW Data)     569592 ( 556.24kB)

==============================================================================

